============================= test session starts =============================
platform win32 -- Python 3.14.3, pytest-9.0.2, pluggy-1.6.0
rootdir: D:\workspace\Quantitative Trading\astock_screener
configfile: pytest.ini
plugins: anyio-4.12.1, asyncio-1.3.0
asyncio: mode=Mode.AUTO, debug=False, asyncio_default_fixture_loop_scope=session, asyncio_default_test_loop_scope=session
collected 1538 items

tests\test_ai_core.py ........                                           [  0%]
tests\test_ai_history_text.py .                                          [  0%]
tests\test_ai_mixin.py ................................................. [  3%]
.................                                                        [  4%]
tests\test_ai_service_prompt_dump_retention.py ..                        [  5%]
tests\test_alembic_alignment.py ........................................ [  7%]
..............                                                           [  8%]
tests\test_api_tushare_client.py ......................                  [  9%]
tests\test_config_handler_keyring_fallback.py .....                      [ 10%]
tests\test_config_panels.py ..........................F................. [ 13%]
....                                                                     [ 13%]
tests\test_correlation.py ........                                       [ 13%]
tests\test_dao_base.py ............................                      [ 15%]
tests\test_dao_business.py ............................................  [ 18%]
tests\test_data_cache_manager.py .............                           [ 19%]
tests\test_data_db_manager.py .......                                    [ 19%]
tests\test_data_db_migrator.py ......                                    [ 20%]
tests\test_data_db_security.py ......                                    [ 20%]
tests\test_data_dictionary_alignment.py ................                 [ 21%]
tests\test_data_integrity.py .                                           [ 21%]
tests\test_data_processor.py ..........................................  [ 24%]
tests\test_data_quality.py ..................                            [ 25%]
tests\test_data_timestamp_fields.py .................................... [ 28%]
................................                                         [ 30%]
tests\test_data_trade_calendar.py ....................................F. [ 32%]
............F..........F...............                                  [ 35%]
tests\test_doubao_auto_tagger.py .......                                 [ 35%]
tests\test_error_classifier.py ...........                               [ 36%]
tests\test_field_mapping.py ...........                                  [ 36%]
tests\test_financial_dao.py ............                                 [ 37%]
tests\test_financial_sync_integrity.py ..............                    [ 38%]
tests\test_graceful_shutdown.py ........................                 [ 40%]
tests\test_health_check.py ......                                        [ 40%]
tests\test_historical_sync_integrity.py ................................ [ 42%]
...........................................                              [ 45%]
tests\test_holder_dao.py ................                                [ 46%]
tests\test_i18n.py .....................................                 [ 48%]
tests\test_i18n_keys_completeness.py .....                               [ 49%]
tests\test_infra_history_config.py .                                     [ 49%]
tests\test_infra_init_order.py .                                         [ 49%]
tests\test_infra_queue_threadpool_ratelimit.py ....                      [ 49%]
tests\test_llm_config.py ..........................                      [ 51%]
tests\test_lookahead_bias.py .....                                       [ 51%]
tests\test_macro_dao.py ...........                                      [ 52%]
tests\test_main_shutdown_flow.py .......                                 [ 52%]
tests\test_news_fetcher_concurrent_string_storage.py ......              [ 53%]
tests\test_news_subscription_viewmodel.py ......                         [ 53%]
tests\test_onboarding_wizard.py ......................................FF [ 56%]
FFF......................................                                [ 58%]
tests\test_onboarding_wizard_e2e.py ssssss                               [ 59%]
tests\test_orm_dao_alignment.py .................................        [ 61%]
tests\test_oversold_prompt_alignment.py ........                         [ 61%]
tests\test_prompt_consistency.py ssssssssssss                            [ 62%]
tests\test_proxy_manager.py ......                                       [ 63%]
tests\test_qfq_numerical_correctness.py ......                           [ 63%]
tests\test_quote_dao.py ...........                                      [ 64%]
tests\test_quote_dao_sync.py ....                                        [ 64%]
tests\test_review_round_trip.py ........                                 [ 65%]
tests\test_scheduler_persistent_idempotency.py ......                    [ 65%]
tests\test_scheduler_service.py ..........                               [ 66%]
tests\test_service_news_fetcher.py ....................                  [ 67%]
tests\test_service_quality_gate.py ..................................... [ 69%]
..........                                                               [ 70%]
tests\test_service_rate_limiter.py ..................................... [ 72%]
......                                                                   [ 73%]
tests\test_service_review_manager.py ...........................         [ 74%]
tests\test_service_task_manager.py ................................      [ 77%]
tests\test_shutdown_step_failure_recovery.py .......                     [ 77%]
tests\test_singleton_registry.py .....                                   [ 77%]
tests\test_singletons_isolation.py ........                              [ 78%]
tests\test_strategy_base.py ............................................ [ 81%]
.............                                                            [ 82%]
tests\test_strategy_cap_quality_distribution.py ........                 [ 82%]
tests\test_strategy_fundamental.py ..........................            [ 84%]
tests\test_strategy_market.py .....................                      [ 85%]
tests\test_strategy_oversold_context.py ................................ [ 87%]
........                                                                 [ 88%]
tests\test_strategy_oversold_volume.py ...                               [ 88%]
tests\test_sync_strategies.py .......                                    [ 88%]
tests\test_sync_type_consistency.py .............                        [ 89%]
tests\test_task_manager_ai_service.py ......                             [ 90%]
tests\test_tech_analysis.py .......................................      [ 92%]
tests\test_tier_consistency.py .....................                     [ 94%]
tests\test_time_utils.py .....                                           [ 94%]
tests\test_tushare_api_fields.py ........                                [ 94%]
tests\test_ui_deep_link.py ..                                            [ 94%]
tests\test_ui_home_vm.py ...........................                     [ 96%]
tests\test_ui_screener_vm.py ...........                                 [ 97%]
tests\test_ui_view_cleanup.py ...                                        [ 97%]
tests\test_utils_config.py ..........                                    [ 98%]
tests\test_utils_config_lock.py ...                                      [ 98%]
tests\test_utils_log_decorators.py ...................                   [ 99%]
tests\test_utils_logger.py ....                                          [100%]

================================== FAILURES ===================================
____________ TestTushareConfigPanel.test_verify_token_api_failure _____________

self = TushareConfigPanel()

    async def verify_token(self) -> bool:
        token = self.token_input.value.strip()
    
        if not token:
            self._show_error(I18n.get("tushare_token_required"))
            return False
    
        if self._is_verifying:
            logger.warning("[TushareConfigPanel] Verification already in progress")
            return False
    
        self._is_verifying = True
        self._set_loading_state(True)
    
        try:
            import tushare as ts
    
            ts.set_token(token)
            temp_pro = ts.pro_api()
>           await asyncio.to_thread(
                temp_pro.trade_cal,
                exchange="SSE",
                start_date="20250101",
                end_date="20250101",
            )

ui\components\config_panels\tushare_config_panel.py:294: 
_ _ _ _ _ _ _ _ _ _ _ _ _ _ _ _ _ _ _ _ _ _ _ _ _ _ _ _ _ _ _ _ _ _ _ _ _ _ _ _

self = <AsyncMock name='to_thread' id='2287703231856'>
args = (functools.partial(<bound method DataApi.query of <tushare.pro.client.DataApi object at 0x00000214A5BD1160>>, 'trade_cal'),)
kwargs = {'end_date': '20250101', 'exchange': 'SSE', 'start_date': '20250101'}
_call = call(functools.partial(<bound method DataApi.query of <tushare.pro.client.DataApi object at 0x00000214A5BD1160>>, 'trade_cal'), exchange='SSE', start_date='20250101', end_date='20250101')
effect = Exception('API Error')

    async def _execute_mock_call(self, /, *args, **kwargs):
        # This is nearly just like super(), except for special handling
        # of coroutines
    
        _call = _Call((args, kwargs), two=True)
        self.await_count += 1
        self.await_args = _call
        self.await_args_list.append(_call)
    
        effect = self.side_effect
        if effect is not None:
            if _is_exception(effect):
>               raise effect
E               Exception: API Error

C:\Python314\Lib\unittest\mock.py:2326: Exception

During handling of the above exception, another exception occurred:

self = <tests.test_config_panels.TestTushareConfigPanel object at 0x00000214A10FCAD0>
mock_page = <MagicMock id='2287703229504'>
isolated_config = 'C:\\Users\\sin\\AppData\\Local\\Temp\\pytest-of-sin\\pytest-53\\test_verify_token_api_failure0\\test_config_134513c52b8646e49095923452215d52.json'

    def test_verify_token_api_failure(self, mock_page, isolated_config):
        """Test verify_token returns False on API failure"""
        from ui.components.config_panels.tushare_config_panel import (
            TushareConfigPanel,
        )
    
        panel = TushareConfigPanel()
        panel.token_input = MagicMock()
        panel.token_input.value = "invalid_token"
        panel._show_error = MagicMock()
        panel._set_loading_state = MagicMock()
    
        with patch("asyncio.to_thread", side_effect=Exception("API Error")):
            import asyncio
    
>           result = asyncio.run(panel.verify_token())
                     ^^^^^^^^^^^^^^^^^^^^^^^^^^^^^^^^^

tests\test_config_panels.py:557: 
_ _ _ _ _ _ _ _ _ _ _ _ _ _ _ _ _ _ _ _ _ _ _ _ _ _ _ _ _ _ _ _ _ _ _ _ _ _ _ _
C:\Python314\Lib\asyncio\runners.py:204: in run
    return runner.run(main)
           ^^^^^^^^^^^^^^^^
C:\Python314\Lib\asyncio\runners.py:127: in run
    return self._loop.run_until_complete(task)
           ^^^^^^^^^^^^^^^^^^^^^^^^^^^^^^^^^^^
C:\Python314\Lib\asyncio\base_events.py:719: in run_until_complete
    return future.result()
           ^^^^^^^^^^^^^^^
_ _ _ _ _ _ _ _ _ _ _ _ _ _ _ _ _ _ _ _ _ _ _ _ _ _ _ _ _ _ _ _ _ _ _ _ _ _ _ _

self = TushareConfigPanel()

    async def verify_token(self) -> bool:
        token = self.token_input.value.strip()
    
        if not token:
            self._show_error(I18n.get("tushare_token_required"))
            return False
    
        if self._is_verifying:
            logger.warning("[TushareConfigPanel] Verification already in progress")
            return False
    
        self._is_verifying = True
        self._set_loading_state(True)
    
        try:
            import tushare as ts
    
            ts.set_token(token)
            temp_pro = ts.pro_api()
            await asyncio.to_thread(
                temp_pro.trade_cal,
                exchange="SSE",
                start_date="20250101",
                end_date="20250101",
            )
    
            from data.external.tushare_client import TushareClient
    
            ConfigHandler.save_token(token)
    
            client = TushareClient()
            client.set_token(token)
    
            self._show_success(I18n.get("tushare_verify_success"))
    
            if self.on_verify_success:
                self.on_verify_success(token)
    
            return True
    
        except Exception as e:
>           from ui.i18n import classify_error
E           ImportError: cannot import name 'classify_error' from 'ui.i18n' (D:\workspace\Quantitative Trading\astock_screener\ui\i18n.py)

ui\components\config_panels\tushare_config_panel.py:316: ImportError
____ TestTradeCalendarServiceOffline.test_is_trading_day_offline_fallback _____

trans = 0, key = 0, ov = <_overlapped.Overlapped object at 0x00000214AC9C8930>

    @staticmethod
    def finish_socket_func(trans, key, ov):
        try:
>           return ov.getresult()
                   ^^^^^^^^^^^^^^
E           OSError: [WinError 64] 鎸囧畾鐨勭綉缁滃悕涓嶅啀鍙敤銆?

C:\Python314\Lib\asyncio\windows_events.py:463: OSError

During handling of the above exception, another exception occurred:

self = <_ProactorSocketTransport closed>
fut = <_OverlappedFuture finished exception=ConnectionResetError(22, '鎸囧畾鐨勭綉缁滃悕涓嶅啀鍙敤銆?, None, 64, None)>

    def _loop_reading(self, fut=None):
        length = -1
        data = None
        try:
            if fut is not None:
                assert self._read_fut is fut or (self._read_fut is None and
                                                 self._closing)
                self._read_fut = None
                if fut.done():
                    # deliver data later in "finally" clause
>                   length = fut.result()
                             ^^^^^^^^^^^^

C:\Python314\Lib\asyncio\proactor_events.py:286: 
_ _ _ _ _ _ _ _ _ _ _ _ _ _ _ _ _ _ _ _ _ _ _ _ _ _ _ _ _ _ _ _ _ _ _ _ _ _ _ _
C:\Python314\Lib\asyncio\windows_events.py:804: in _poll
    value = callback(transferred, key, ov)
            ^^^^^^^^^^^^^^^^^^^^^^^^^^^^^^
_ _ _ _ _ _ _ _ _ _ _ _ _ _ _ _ _ _ _ _ _ _ _ _ _ _ _ _ _ _ _ _ _ _ _ _ _ _ _ _

trans = 0, key = 0, ov = <_overlapped.Overlapped object at 0x00000214AC9C8930>

    @staticmethod
    def finish_socket_func(trans, key, ov):
        try:
            return ov.getresult()
        except OSError as exc:
            if exc.winerror in (_overlapped.ERROR_NETNAME_DELETED,
                                _overlapped.ERROR_OPERATION_ABORTED):
>               raise ConnectionResetError(*exc.args)
E               ConnectionResetError: [WinError 64] 鎸囧畾鐨勭綉缁滃悕涓嶅啀鍙敤銆?

C:\Python314\Lib\asyncio\windows_events.py:467: ConnectionResetError

The above exception was the direct cause of the following exception:
C:\Python314\Lib\asyncio\runners.py:127: in run
    return self._loop.run_until_complete(task)
           ^^^^^^^^^^^^^^^^^^^^^^^^^^^^^^^^^^^
C:\Python314\Lib\asyncio\base_events.py:719: in run_until_complete
    return future.result()
           ^^^^^^^^^^^^^^^
tests\test_infra_base.py:120: in asyncSetUp
    await self.cache.init_db()
data\cache\cache_manager.py:252: in init_db
    await DatabaseMigrator.init_db(self.engine)
data\persistence\db_migrator.py:95: in init_db
    await ThreadPoolManager().run_async(TaskType.IO, run_alembic_upgrade)
utils\thread_pool.py:191: in run_async
    return await loop.run_in_executor(executor, func, *args)
           ^^^^^^^^^^^^^^^^^^^^^^^^^^^^^^^^^^^^^^^^^^^^^^^^^
C:\Python314\Lib\concurrent\futures\thread.py:86: in run
    result = ctx.run(self.task)
             ^^^^^^^^^^^^^^^^^^
C:\Python314\Lib\concurrent\futures\thread.py:73: in run
    return fn(*args, **kwargs)
           ^^^^^^^^^^^^^^^^^^^
data\persistence\db_migrator.py:92: in run_alembic_upgrade
    command.upgrade(alembic_cfg, "head")
C:\Users\sin\AppData\Roaming\Python\Python314\site-packages\alembic\command.py:483: in upgrade
    script.run_env()
C:\Users\sin\AppData\Roaming\Python\Python314\site-packages\alembic\script\base.py:545: in run_env
    util.load_python_file(self.dir, "env.py")
C:\Users\sin\AppData\Roaming\Python\Python314\site-packages\alembic\util\pyfiles.py:116: in load_python_file
    module = load_module_py(module_id, path)
             ^^^^^^^^^^^^^^^^^^^^^^^^^^^^^^^
C:\Users\sin\AppData\Roaming\Python\Python314\site-packages\alembic\util\pyfiles.py:136: in load_module_py
    spec.loader.exec_module(module)  # type: ignore
    ^^^^^^^^^^^^^^^^^^^^^^^^^^^^^^^
alembic\env.py:110: in <module>
    run_migrations_online()
alembic\env.py:104: in run_migrations_online
    asyncio.run(run_async_migrations())
C:\Python314\Lib\asyncio\runners.py:204: in run
    return runner.run(main)
           ^^^^^^^^^^^^^^^^
C:\Python314\Lib\asyncio\runners.py:127: in run
    return self._loop.run_until_complete(task)
           ^^^^^^^^^^^^^^^^^^^^^^^^^^^^^^^^^^^
C:\Python314\Lib\asyncio\base_events.py:719: in run_until_complete
    return future.result()
           ^^^^^^^^^^^^^^^
alembic\env.py:97: in run_async_migrations
    async with connectable.connect() as connection:
               ^^^^^^^^^^^^^^^^^^^^^
C:\Users\sin\AppData\Roaming\Python\Python314\site-packages\sqlalchemy\ext\asyncio\base.py:121: in __aenter__
    return await self.start(is_ctxmanager=True)
           ^^^^^^^^^^^^^^^^^^^^^^^^^^^^^^^^^^^^
C:\Users\sin\AppData\Roaming\Python\Python314\site-packages\sqlalchemy\ext\asyncio\engine.py:275: in start
    await greenlet_spawn(self.sync_engine.connect)
C:\Users\sin\AppData\Roaming\Python\Python314\site-packages\sqlalchemy\util\_concurrency_py3k.py:201: in greenlet_spawn
    result = context.throw(*sys.exc_info())
             ^^^^^^^^^^^^^^^^^^^^^^^^^^^^^^
C:\Users\sin\AppData\Roaming\Python\Python314\site-packages\sqlalchemy\engine\base.py:3293: in connect
    return self._connection_cls(self)
           ^^^^^^^^^^^^^^^^^^^^^^^^^^
C:\Users\sin\AppData\Roaming\Python\Python314\site-packages\sqlalchemy\engine\base.py:143: in __init__
    self._dbapi_connection = engine.raw_connection()
                             ^^^^^^^^^^^^^^^^^^^^^^^
C:\Users\sin\AppData\Roaming\Python\Python314\site-packages\sqlalchemy\engine\base.py:3317: in raw_connection
    return self.pool.connect()
           ^^^^^^^^^^^^^^^^^^^
C:\Users\sin\AppData\Roaming\Python\Python314\site-packages\sqlalchemy\pool\base.py:448: in connect
    return _ConnectionFairy._checkout(self)
           ^^^^^^^^^^^^^^^^^^^^^^^^^^^^^^^^
C:\Users\sin\AppData\Roaming\Python\Python314\site-packages\sqlalchemy\pool\base.py:1272: in _checkout
    fairy = _ConnectionRecord.checkout(pool)
            ^^^^^^^^^^^^^^^^^^^^^^^^^^^^^^^^
C:\Users\sin\AppData\Roaming\Python\Python314\site-packages\sqlalchemy\pool\base.py:712: in checkout
    rec = pool._do_get()
          ^^^^^^^^^^^^^^
C:\Users\sin\AppData\Roaming\Python\Python314\site-packages\sqlalchemy\pool\impl.py:306: in _do_get
    return self._create_connection()
           ^^^^^^^^^^^^^^^^^^^^^^^^^
C:\Users\sin\AppData\Roaming\Python\Python314\site-packages\sqlalchemy\pool\base.py:389: in _create_connection
    return _ConnectionRecord(self)
           ^^^^^^^^^^^^^^^^^^^^^^^
C:\Users\sin\AppData\Roaming\Python\Python314\site-packages\sqlalchemy\pool\base.py:674: in __init__
    self.__connect()
C:\Users\sin\AppData\Roaming\Python\Python314\site-packages\sqlalchemy\pool\base.py:900: in __connect
    with util.safe_reraise():
         ^^^^^^^^^^^^^^^^^^^
C:\Users\sin\AppData\Roaming\Python\Python314\site-packages\sqlalchemy\util\langhelpers.py:121: in __exit__
    raise exc_value.with_traceback(exc_tb)
C:\Users\sin\AppData\Roaming\Python\Python314\site-packages\sqlalchemy\pool\base.py:896: in __connect
    self.dbapi_connection = connection = pool._invoke_creator(self)
                                         ^^^^^^^^^^^^^^^^^^^^^^^^^^
C:\Users\sin\AppData\Roaming\Python\Python314\site-packages\sqlalchemy\engine\create.py:667: in connect
    return dialect.connect(*cargs_tup, **cparams)
           ^^^^^^^^^^^^^^^^^^^^^^^^^^^^^^^^^^^^^^
C:\Users\sin\AppData\Roaming\Python\Python314\site-packages\sqlalchemy\engine\default.py:630: in connect
    return self.loaded_dbapi.connect(*cargs, **cparams)  # type: ignore[no-any-return]  # NOQA: E501
           ^^^^^^^^^^^^^^^^^^^^^^^^^^^^^^^^^^^^^^^^^^^^
C:\Users\sin\AppData\Roaming\Python\Python314\site-packages\sqlalchemy\dialects\postgresql\asyncpg.py:955: in connect
    await_only(creator_fn(*arg, **kw)),
    ^^^^^^^^^^^^^^^^^^^^^^^^^^^^^^^^^^
C:\Users\sin\AppData\Roaming\Python\Python314\site-packages\sqlalchemy\util\_concurrency_py3k.py:132: in await_only
    return current.parent.switch(awaitable)  # type: ignore[no-any-return,attr-defined] # noqa: E501
           ^^^^^^^^^^^^^^^^^^^^^^^^^^^^^^^^
C:\Users\sin\AppData\Roaming\Python\Python314\site-packages\sqlalchemy\util\_concurrency_py3k.py:196: in greenlet_spawn
    value = await result
            ^^^^^^^^^^^^
C:\Users\sin\AppData\Roaming\Python\Python314\site-packages\asyncpg\connection.py:2443: in connect
    return await connect_utils._connect(
C:\Users\sin\AppData\Roaming\Python\Python314\site-packages\asyncpg\connect_utils.py:1218: in _connect
    conn = await _connect_addr(
C:\Users\sin\AppData\Roaming\Python\Python314\site-packages\asyncpg\connect_utils.py:1054: in _connect_addr
    return await __connect_addr(params, True, *args)
           ^^^^^^^^^^^^^^^^^^^^^^^^^^^^^^^^^^^^^^^^^
_ _ _ _ _ _ _ _ _ _ _ _ _ _ _ _ _ _ _ _ _ _ _ _ _ _ _ _ _ _ _ _ _ _ _ _ _ _ _ _

params = ConnectionParameters(user='postgres', password='123456', database='test_astock', ssl=<ssl.SSLContext object at 0x00000... 'postgres'>, server_settings=None, target_session_attrs=<SessionAttribute.any: 'any'>, krbsrvname=None, gsslib='sspi')
retry = True, addr = ('localhost', 5432)
loop = <ProactorEventLoop running=False closed=True debug=False>
config = ConnectionConfiguration(command_timeout=None, statement_cache_size=100, max_cached_statement_lifetime=300, max_cacheable_statement_size=15360)
connection_class = <class 'asyncpg.connection.Connection'>
record_class = <class 'asyncpg.protocol.record.Record'>
params_input = ConnectionParameters(user='postgres', password='123456', database='test_astock', ssl=<ssl.SSLContext object at 0x00000... 'postgres'>, server_settings=None, target_session_attrs=<SessionAttribute.any: 'any'>, krbsrvname=None, gsslib='sspi')

    async def __connect_addr(
        params,
        retry,
        addr,
        loop,
        config,
        connection_class,
        record_class,
        params_input,
    ):
        connected = _create_future(loop)
    
        proto_factory = lambda: protocol.Protocol(
            addr, connected, params, record_class, loop)
    
        if isinstance(addr, str):
            # UNIX socket
            connector = loop.create_unix_connection(proto_factory, addr)
    
        elif params.ssl and params.ssl_negotiation is SSLNegotiation.direct:
            # if ssl and ssl_negotiation is `direct`, skip STARTTLS and perform
            # direct SSL connection
            connector = loop.create_connection(
                proto_factory, *addr, ssl=params.ssl
            )
    
        elif params.ssl:
            connector = _create_ssl_connection(
                proto_factory, *addr, loop=loop, ssl_context=params.ssl,
                ssl_is_advisory=params.sslmode == SSLMode.prefer)
        else:
            connector = loop.create_connection(proto_factory, *addr)
    
        tr, pr = await connector
    
        try:
>           await connected
E           asyncpg.exceptions.ConnectionDoesNotExistError: connection was closed in the middle of operation

C:\Users\sin\AppData\Roaming\Python\Python314\site-packages\asyncpg\connect_utils.py:1102: ConnectionDoesNotExistError
---------------------------- Captured stdout call -----------------------------
2026-04-30 01:28:15 [WARNING] [-] [MainThread] [base_events.py:2041] - Executing <Handle _ProactorReadPipeTransport._loop_reading(<_OverlappedF...events.py:507>) created at C:\Python314\Lib\asyncio\windows_events.py:93> took 0.113 seconds
2026-04-30 01:28:16 [ERROR] [-] [MainThread] [db_migrator.py:50] - [DatabaseMigrator] Database table inspection failed: connection was closed in the middle of operation
Traceback (most recent call last):
  File "C:\Python314\Lib\asyncio\windows_events.py", line 463, in finish_socket_func
    return ov.getresult()
           ~~~~~~~~~~~~^^
OSError: [WinError 64] 鎸囧畾鐨勭綉缁滃悕涓嶅啀鍙敤銆?

During handling of the above exception, another exception occurred:

Traceback (most recent call last):
  File "C:\Python314\Lib\asyncio\proactor_events.py", line 286, in _loop_reading
    length = fut.result()
  File "C:\Python314\Lib\asyncio\windows_events.py", line 804, in _poll
    value = callback(transferred, key, ov)
  File "C:\Python314\Lib\asyncio\windows_events.py", line 467, in finish_socket_func
    raise ConnectionResetError(*exc.args)
ConnectionResetError: [WinError 64] 鎸囧畾鐨勭綉缁滃悕涓嶅啀鍙敤銆?

The above exception was the direct cause of the following exception:

Traceback (most recent call last):
  File "D:\workspace\Quantitative Trading\astock_screener\data\persistence\db_migrator.py", line 41, in init_db
    async with engine.connect() as conn:
               ~~~~~~~~~~~~~~^^
  File "C:\Users\sin\AppData\Roaming\Python\Python314\site-packages\sqlalchemy\ext\asyncio\base.py", line 121, in __aenter__
    return await self.start(is_ctxmanager=True)
           ^^^^^^^^^^^^^^^^^^^^^^^^^^^^^^^^^^^^
  File "C:\Users\sin\AppData\Roaming\Python\Python314\site-packages\sqlalchemy\ext\asyncio\engine.py", line 275, in start
    await greenlet_spawn(self.sync_engine.connect)
  File "C:\Users\sin\AppData\Roaming\Python\Python314\site-packages\sqlalchemy\util\_concurrency_py3k.py", line 201, in greenlet_spawn
    result = context.throw(*sys.exc_info())
  File "C:\Users\sin\AppData\Roaming\Python\Python314\site-packages\sqlalchemy\engine\base.py", line 3293, in connect
    return self._connection_cls(self)
           ~~~~~~~~~~~~~~~~~~~~^^^^^^
  File "C:\Users\sin\AppData\Roaming\Python\Python314\site-packages\sqlalchemy\engine\base.py", line 143, in __init__
    self._dbapi_connection = engine.raw_connection()
                             ~~~~~~~~~~~~~~~~~~~~~^^
  File "C:\Users\sin\AppData\Roaming\Python\Python314\site-packages\sqlalchemy\engine\base.py", line 3317, in raw_connection
    return self.pool.connect()
           ~~~~~~~~~~~~~~~~~^^
  File "C:\Users\sin\AppData\Roaming\Python\Python314\site-packages\sqlalchemy\pool\base.py", line 448, in connect
    return _ConnectionFairy._checkout(self)
           ~~~~~~~~~~~~~~~~~~~~~~~~~~^^^^^^
  File "C:\Users\sin\AppData\Roaming\Python\Python314\site-packages\sqlalchemy\pool\base.py", line 1272, in _checkout
    fairy = _ConnectionRecord.checkout(pool)
  File "C:\Users\sin\AppData\Roaming\Python\Python314\site-packages\sqlalchemy\pool\base.py", line 712, in checkout
    rec = pool._do_get()
  File "C:\Users\sin\AppData\Roaming\Python\Python314\site-packages\sqlalchemy\pool\impl.py", line 177, in _do_get
    with util.safe_reraise():
         ~~~~~~~~~~~~~~~~~^^
  File "C:\Users\sin\AppData\Roaming\Python\Python314\site-packages\sqlalchemy\util\langhelpers.py", line 121, in __exit__
    raise exc_value.with_traceback(exc_tb)
  File "C:\Users\sin\AppData\Roaming\Python\Python314\site-packages\sqlalchemy\pool\impl.py", line 175, in _do_get
    return self._create_connection()
           ~~~~~~~~~~~~~~~~~~~~~~~^^
  File "C:\Users\sin\AppData\Roaming\Python\Python314\site-packages\sqlalchemy\pool\base.py", line 389, in _create_connection
    return _ConnectionRecord(self)
  File "C:\Users\sin\AppData\Roaming\Python\Python314\site-packages\sqlalchemy\pool\base.py", line 674, in __init__
    self.__connect()
    ~~~~~~~~~~~~~~^^
  File "C:\Users\sin\AppData\Roaming\Python\Python314\site-packages\sqlalchemy\pool\base.py", line 900, in __connect
    with util.safe_reraise():
         ~~~~~~~~~~~~~~~~~^^
  File "C:\Users\sin\AppData\Roaming\Python\Python314\site-packages\sqlalchemy\util\langhelpers.py", line 121, in __exit__
    raise exc_value.with_traceback(exc_tb)
  File "C:\Users\sin\AppData\Roaming\Python\Python314\site-packages\sqlalchemy\pool\base.py", line 896, in __connect
    self.dbapi_connection = connection = pool._invoke_creator(self)
                                         ~~~~~~~~~~~~~~~~~~~~^^^^^^
  File "C:\Users\sin\AppData\Roaming\Python\Python314\site-packages\sqlalchemy\engine\create.py", line 667, in connect
    return dialect.connect(*cargs_tup, **cparams)
           ~~~~~~~~~~~~~~~^^^^^^^^^^^^^^^^^^^^^^^
  File "C:\Users\sin\AppData\Roaming\Python\Python314\site-packages\sqlalchemy\engine\default.py", line 630, in connect
    return self.loaded_dbapi.connect(*cargs, **cparams)  # type: ignore[no-any-return]  # NOQA: E501
           ~~~~~~~~~~~~~~~~~~~~~~~~~^^^^^^^^^^^^^^^^^^^
  File "C:\Users\sin\AppData\Roaming\Python\Python314\site-packages\sqlalchemy\dialects\postgresql\asyncpg.py", line 955, in connect
    await_only(creator_fn(*arg, **kw)),
    ~~~~~~~~~~^^^^^^^^^^^^^^^^^^^^^^^^
  File "C:\Users\sin\AppData\Roaming\Python\Python314\site-packages\sqlalchemy\util\_concurrency_py3k.py", line 132, in await_only
    return current.parent.switch(awaitable)  # type: ignore[no-any-return,attr-defined] # noqa: E501
           ~~~~~~~~~~~~~~~~~~~~~^^^^^^^^^^^
  File "C:\Users\sin\AppData\Roaming\Python\Python314\site-packages\sqlalchemy\util\_concurrency_py3k.py", line 196, in greenlet_spawn
    value = await result
            ^^^^^^^^^^^^
  File "C:\Users\sin\AppData\Roaming\Python\Python314\site-packages\asyncpg\connection.py", line 2443, in connect
    return await connect_utils._connect(
           ^^^^^^^^^^^^^^^^^^^^^^^^^^^^^
    ...<22 lines>...
    )
    ^
  File "C:\Users\sin\AppData\Roaming\Python\Python314\site-packages\asyncpg\connect_utils.py", line 1218, in _connect
    conn = await _connect_addr(
           ^^^^^^^^^^^^^^^^^^^^
    ...<6 lines>...
    )
    ^
  File "C:\Users\sin\AppData\Roaming\Python\Python314\site-packages\asyncpg\connect_utils.py", line 1054, in _connect_addr
    return await __connect_addr(params, True, *args)
           ^^^^^^^^^^^^^^^^^^^^^^^^^^^^^^^^^^^^^^^^^
  File "C:\Users\sin\AppData\Roaming\Python\Python314\site-packages\asyncpg\connect_utils.py", line 1102, in __connect_addr
    await connected
asyncpg.exceptions.ConnectionDoesNotExistError: connection was closed in the middle of operation
2026-04-30 01:28:16 [ERROR] [-] [MainThread] [db_migrator.py:98] - [DatabaseMigrator] Schema upgrade failed: connection was closed in the middle of operation
Traceback (most recent call last):
  File "C:\Python314\Lib\asyncio\windows_events.py", line 463, in finish_socket_func
    return ov.getresult()
           ~~~~~~~~~~~~^^
OSError: [WinError 64] 鎸囧畾鐨勭綉缁滃悕涓嶅啀鍙敤銆?

During handling of the above exception, another exception occurred:

Traceback (most recent call last):
  File "C:\Python314\Lib\asyncio\proactor_events.py", line 286, in _loop_reading
    length = fut.result()
  File "C:\Python314\Lib\asyncio\windows_events.py", line 804, in _poll
    value = callback(transferred, key, ov)
  File "C:\Python314\Lib\asyncio\windows_events.py", line 467, in finish_socket_func
    raise ConnectionResetError(*exc.args)
ConnectionResetError: [WinError 64] 鎸囧畾鐨勭綉缁滃悕涓嶅啀鍙敤銆?

The above exception was the direct cause of the following exception:

Traceback (most recent call last):
  File "D:\workspace\Quantitative Trading\astock_screener\data\persistence\db_migrator.py", line 95, in init_db
    await ThreadPoolManager().run_async(TaskType.IO, run_alembic_upgrade)
  File "D:\workspace\Quantitative Trading\astock_screener\utils\thread_pool.py", line 191, in run_async
    return await loop.run_in_executor(executor, func, *args)
           ^^^^^^^^^^^^^^^^^^^^^^^^^^^^^^^^^^^^^^^^^^^^^^^^^
  File "C:\Python314\Lib\concurrent\futures\thread.py", line 86, in run
    result = ctx.run(self.task)
  File "C:\Python314\Lib\concurrent\futures\thread.py", line 73, in run
    return fn(*args, **kwargs)
  File "D:\workspace\Quantitative Trading\astock_screener\data\persistence\db_migrator.py", line 92, in run_alembic_upgrade
    command.upgrade(alembic_cfg, "head")
    ~~~~~~~~~~~~~~~^^^^^^^^^^^^^^^^^^^^^
  File "C:\Users\sin\AppData\Roaming\Python\Python314\site-packages\alembic\command.py", line 483, in upgrade
    script.run_env()
    ~~~~~~~~~~~~~~^^
  File "C:\Users\sin\AppData\Roaming\Python\Python314\site-packages\alembic\script\base.py", line 545, in run_env
    util.load_python_file(self.dir, "env.py")
    ~~~~~~~~~~~~~~~~~~~~~^^^^^^^^^^^^^^^^^^^^
  File "C:\Users\sin\AppData\Roaming\Python\Python314\site-packages\alembic\util\pyfiles.py", line 116, in load_python_file
    module = load_module_py(module_id, path)
  File "C:\Users\sin\AppData\Roaming\Python\Python314\site-packages\alembic\util\pyfiles.py", line 136, in load_module_py
    spec.loader.exec_module(module)  # type: ignore
    ~~~~~~~~~~~~~~~~~~~~~~~^^^^^^^^
  File "<frozen importlib._bootstrap_external>", line 759, in exec_module
  File "<frozen importlib._bootstrap>", line 491, in _call_with_frames_removed
  File "D:\workspace\Quantitative Trading\astock_screener\data\persistence\..\..\alembic\env.py", line 110, in <module>
    run_migrations_online()
    ~~~~~~~~~~~~~~~~~~~~~^^
  File "D:\workspace\Quantitative Trading\astock_screener\data\persistence\..\..\alembic\env.py", line 104, in run_migrations_online
    asyncio.run(run_async_migrations())
    ~~~~~~~~~~~^^^^^^^^^^^^^^^^^^^^^^^^
  File "C:\Python314\Lib\asyncio\runners.py", line 204, in run
    return runner.run(main)
           ~~~~~~~~~~^^^^^^
  File "C:\Python314\Lib\asyncio\runners.py", line 127, in run
    return self._loop.run_until_complete(task)
           ~~~~~~~~~~~~~~~~~~~~~~~~~~~~~^^^^^^
  File "C:\Python314\Lib\asyncio\base_events.py", line 719, in run_until_complete
    return future.result()
           ~~~~~~~~~~~~~^^
  File "D:\workspace\Quantitative Trading\astock_screener\data\persistence\..\..\alembic\env.py", line 97, in run_async_migrations
    async with connectable.connect() as connection:
               ~~~~~~~~~~~~~~~~~~~^^
  File "C:\Users\sin\AppData\Roaming\Python\Python314\site-packages\sqlalchemy\ext\asyncio\base.py", line 121, in __aenter__
    return await self.start(is_ctxmanager=True)
           ^^^^^^^^^^^^^^^^^^^^^^^^^^^^^^^^^^^^
  File "C:\Users\sin\AppData\Roaming\Python\Python314\site-packages\sqlalchemy\ext\asyncio\engine.py", line 275, in start
    await greenlet_spawn(self.sync_engine.connect)
  File "C:\Users\sin\AppData\Roaming\Python\Python314\site-packages\sqlalchemy\util\_concurrency_py3k.py", line 201, in greenlet_spawn
    result = context.throw(*sys.exc_info())
  File "C:\Users\sin\AppData\Roaming\Python\Python314\site-packages\sqlalchemy\engine\base.py", line 3293, in connect
    return self._connection_cls(self)
           ~~~~~~~~~~~~~~~~~~~~^^^^^^
  File "C:\Users\sin\AppData\Roaming\Python\Python314\site-packages\sqlalchemy\engine\base.py", line 143, in __init__
    self._dbapi_connection = engine.raw_connection()
                             ~~~~~~~~~~~~~~~~~~~~~^^
  File "C:\Users\sin\AppData\Roaming\Python\Python314\site-packages\sqlalchemy\engine\base.py", line 3317, in raw_connection
    return self.pool.connect()
           ~~~~~~~~~~~~~~~~~^^
  File "C:\Users\sin\AppData\Roaming\Python\Python314\site-packages\sqlalchemy\pool\base.py", line 448, in connect
    return _ConnectionFairy._checkout(self)
           ~~~~~~~~~~~~~~~~~~~~~~~~~~^^^^^^
  File "C:\Users\sin\AppData\Roaming\Python\Python314\site-packages\sqlalchemy\pool\base.py", line 1272, in _checkout
    fairy = _ConnectionRecord.checkout(pool)
  File "C:\Users\sin\AppData\Roaming\Python\Python314\site-packages\sqlalchemy\pool\base.py", line 712, in checkout
    rec = pool._do_get()
  File "C:\Users\sin\AppData\Roaming\Python\Python314\site-packages\sqlalchemy\pool\impl.py", line 306, in _do_get
    return self._create_connection()
           ~~~~~~~~~~~~~~~~~~~~~~~^^
  File "C:\Users\sin\AppData\Roaming\Python\Python314\site-packages\sqlalchemy\pool\base.py", line 389, in _create_connection
    return _ConnectionRecord(self)
  File "C:\Users\sin\AppData\Roaming\Python\Python314\site-packages\sqlalchemy\pool\base.py", line 674, in __init__
    self.__connect()
    ~~~~~~~~~~~~~~^^
  File "C:\Users\sin\AppData\Roaming\Python\Python314\site-packages\sqlalchemy\pool\base.py", line 900, in __connect
    with util.safe_reraise():
         ~~~~~~~~~~~~~~~~~^^
  File "C:\Users\sin\AppData\Roaming\Python\Python314\site-packages\sqlalchemy\util\langhelpers.py", line 121, in __exit__
    raise exc_value.with_traceback(exc_tb)
  File "C:\Users\sin\AppData\Roaming\Python\Python314\site-packages\sqlalchemy\pool\base.py", line 896, in __connect
    self.dbapi_connection = connection = pool._invoke_creator(self)
                                         ~~~~~~~~~~~~~~~~~~~~^^^^^^
  File "C:\Users\sin\AppData\Roaming\Python\Python314\site-packages\sqlalchemy\engine\create.py", line 667, in connect
    return dialect.connect(*cargs_tup, **cparams)
           ~~~~~~~~~~~~~~~^^^^^^^^^^^^^^^^^^^^^^^
  File "C:\Users\sin\AppData\Roaming\Python\Python314\site-packages\sqlalchemy\engine\default.py", line 630, in connect
    return self.loaded_dbapi.connect(*cargs, **cparams)  # type: ignore[no-any-return]  # NOQA: E501
           ~~~~~~~~~~~~~~~~~~~~~~~~~^^^^^^^^^^^^^^^^^^^
  File "C:\Users\sin\AppData\Roaming\Python\Python314\site-packages\sqlalchemy\dialects\postgresql\asyncpg.py", line 955, in connect
    await_only(creator_fn(*arg, **kw)),
    ~~~~~~~~~~^^^^^^^^^^^^^^^^^^^^^^^^
  File "C:\Users\sin\AppData\Roaming\Python\Python314\site-packages\sqlalchemy\util\_concurrency_py3k.py", line 132, in await_only
    return current.parent.switch(awaitable)  # type: ignore[no-any-return,attr-defined] # noqa: E501
           ~~~~~~~~~~~~~~~~~~~~~^^^^^^^^^^^
  File "C:\Users\sin\AppData\Roaming\Python\Python314\site-packages\sqlalchemy\util\_concurrency_py3k.py", line 196, in greenlet_spawn
    value = await result
            ^^^^^^^^^^^^
  File "C:\Users\sin\AppData\Roaming\Python\Python314\site-packages\asyncpg\connection.py", line 2443, in connect
    return await connect_utils._connect(
           ^^^^^^^^^^^^^^^^^^^^^^^^^^^^^
    ...<22 lines>...
    )
    ^
  File "C:\Users\sin\AppData\Roaming\Python\Python314\site-packages\asyncpg\connect_utils.py", line 1218, in _connect
    conn = await _connect_addr(
           ^^^^^^^^^^^^^^^^^^^^
    ...<6 lines>...
    )
    ^
  File "C:\Users\sin\AppData\Roaming\Python\Python314\site-packages\asyncpg\connect_utils.py", line 1054, in _connect_addr
    return await __connect_addr(params, True, *args)
           ^^^^^^^^^^^^^^^^^^^^^^^^^^^^^^^^^^^^^^^^^
  File "C:\Users\sin\AppData\Roaming\Python\Python314\site-packages\asyncpg\connect_utils.py", line 1102, in __connect_addr
    await connected
asyncpg.exceptions.ConnectionDoesNotExistError: connection was closed in the middle of operation
2026-04-30 01:28:16 [ERROR] [-] [MainThread] [cache_manager.py:257] - [CacheManager] Schema | Init failed critically: connection was closed in the middle of operation
Traceback (most recent call last):
  File "C:\Python314\Lib\asyncio\windows_events.py", line 463, in finish_socket_func
    return ov.getresult()
           ~~~~~~~~~~~~^^
OSError: [WinError 64] 鎸囧畾鐨勭綉缁滃悕涓嶅啀鍙敤銆?

During handling of the above exception, another exception occurred:

Traceback (most recent call last):
  File "C:\Python314\Lib\asyncio\proactor_events.py", line 286, in _loop_reading
    length = fut.result()
  File "C:\Python314\Lib\asyncio\windows_events.py", line 804, in _poll
    value = callback(transferred, key, ov)
  File "C:\Python314\Lib\asyncio\windows_events.py", line 467, in finish_socket_func
    raise ConnectionResetError(*exc.args)
ConnectionResetError: [WinError 64] 鎸囧畾鐨勭綉缁滃悕涓嶅啀鍙敤銆?

The above exception was the direct cause of the following exception:

Traceback (most recent call last):
  File "D:\workspace\Quantitative Trading\astock_screener\data\cache\cache_manager.py", line 252, in init_db
    await DatabaseMigrator.init_db(self.engine)
  File "D:\workspace\Quantitative Trading\astock_screener\data\persistence\db_migrator.py", line 95, in init_db
    await ThreadPoolManager().run_async(TaskType.IO, run_alembic_upgrade)
  File "D:\workspace\Quantitative Trading\astock_screener\utils\thread_pool.py", line 191, in run_async
    return await loop.run_in_executor(executor, func, *args)
           ^^^^^^^^^^^^^^^^^^^^^^^^^^^^^^^^^^^^^^^^^^^^^^^^^
  File "C:\Python314\Lib\concurrent\futures\thread.py", line 86, in run
    result = ctx.run(self.task)
  File "C:\Python314\Lib\concurrent\futures\thread.py", line 73, in run
    return fn(*args, **kwargs)
  File "D:\workspace\Quantitative Trading\astock_screener\data\persistence\db_migrator.py", line 92, in run_alembic_upgrade
    command.upgrade(alembic_cfg, "head")
    ~~~~~~~~~~~~~~~^^^^^^^^^^^^^^^^^^^^^
  File "C:\Users\sin\AppData\Roaming\Python\Python314\site-packages\alembic\command.py", line 483, in upgrade
    script.run_env()
    ~~~~~~~~~~~~~~^^
  File "C:\Users\sin\AppData\Roaming\Python\Python314\site-packages\alembic\script\base.py", line 545, in run_env
    util.load_python_file(self.dir, "env.py")
    ~~~~~~~~~~~~~~~~~~~~~^^^^^^^^^^^^^^^^^^^^
  File "C:\Users\sin\AppData\Roaming\Python\Python314\site-packages\alembic\util\pyfiles.py", line 116, in load_python_file
    module = load_module_py(module_id, path)
  File "C:\Users\sin\AppData\Roaming\Python\Python314\site-packages\alembic\util\pyfiles.py", line 136, in load_module_py
    spec.loader.exec_module(module)  # type: ignore
    ~~~~~~~~~~~~~~~~~~~~~~~^^^^^^^^
  File "<frozen importlib._bootstrap_external>", line 759, in exec_module
  File "<frozen importlib._bootstrap>", line 491, in _call_with_frames_removed
  File "D:\workspace\Quantitative Trading\astock_screener\data\persistence\..\..\alembic\env.py", line 110, in <module>
    run_migrations_online()
    ~~~~~~~~~~~~~~~~~~~~~^^
  File "D:\workspace\Quantitative Trading\astock_screener\data\persistence\..\..\alembic\env.py", line 104, in run_migrations_online
    asyncio.run(run_async_migrations())
    ~~~~~~~~~~~^^^^^^^^^^^^^^^^^^^^^^^^
  File "C:\Python314\Lib\asyncio\runners.py", line 204, in run
    return runner.run(main)
           ~~~~~~~~~~^^^^^^
  File "C:\Python314\Lib\asyncio\runners.py", line 127, in run
    return self._loop.run_until_complete(task)
           ~~~~~~~~~~~~~~~~~~~~~~~~~~~~~^^^^^^
  File "C:\Python314\Lib\asyncio\base_events.py", line 719, in run_until_complete
    return future.result()
           ~~~~~~~~~~~~~^^
  File "D:\workspace\Quantitative Trading\astock_screener\data\persistence\..\..\alembic\env.py", line 97, in run_async_migrations
    async with connectable.connect() as connection:
               ~~~~~~~~~~~~~~~~~~~^^
  File "C:\Users\sin\AppData\Roaming\Python\Python314\site-packages\sqlalchemy\ext\asyncio\base.py", line 121, in __aenter__
    return await self.start(is_ctxmanager=True)
           ^^^^^^^^^^^^^^^^^^^^^^^^^^^^^^^^^^^^
  File "C:\Users\sin\AppData\Roaming\Python\Python314\site-packages\sqlalchemy\ext\asyncio\engine.py", line 275, in start
    await greenlet_spawn(self.sync_engine.connect)
  File "C:\Users\sin\AppData\Roaming\Python\Python314\site-packages\sqlalchemy\util\_concurrency_py3k.py", line 201, in greenlet_spawn
    result = context.throw(*sys.exc_info())
  File "C:\Users\sin\AppData\Roaming\Python\Python314\site-packages\sqlalchemy\engine\base.py", line 3293, in connect
    return self._connection_cls(self)
           ~~~~~~~~~~~~~~~~~~~~^^^^^^
  File "C:\Users\sin\AppData\Roaming\Python\Python314\site-packages\sqlalchemy\engine\base.py", line 143, in __init__
    self._dbapi_connection = engine.raw_connection()
                             ~~~~~~~~~~~~~~~~~~~~~^^
  File "C:\Users\sin\AppData\Roaming\Python\Python314\site-packages\sqlalchemy\engine\base.py", line 3317, in raw_connection
    return self.pool.connect()
           ~~~~~~~~~~~~~~~~~^^
  File "C:\Users\sin\AppData\Roaming\Python\Python314\site-packages\sqlalchemy\pool\base.py", line 448, in connect
    return _ConnectionFairy._checkout(self)
           ~~~~~~~~~~~~~~~~~~~~~~~~~~^^^^^^
  File "C:\Users\sin\AppData\Roaming\Python\Python314\site-packages\sqlalchemy\pool\base.py", line 1272, in _checkout
    fairy = _ConnectionRecord.checkout(pool)
  File "C:\Users\sin\AppData\Roaming\Python\Python314\site-packages\sqlalchemy\pool\base.py", line 712, in checkout
    rec = pool._do_get()
  File "C:\Users\sin\AppData\Roaming\Python\Python314\site-packages\sqlalchemy\pool\impl.py", line 306, in _do_get
    return self._create_connection()
           ~~~~~~~~~~~~~~~~~~~~~~~^^
  File "C:\Users\sin\AppData\Roaming\Python\Python314\site-packages\sqlalchemy\pool\base.py", line 389, in _create_connection
    return _ConnectionRecord(self)
  File "C:\Users\sin\AppData\Roaming\Python\Python314\site-packages\sqlalchemy\pool\base.py", line 674, in __init__
    self.__connect()
    ~~~~~~~~~~~~~~^^
  File "C:\Users\sin\AppData\Roaming\Python\Python314\site-packages\sqlalchemy\pool\base.py", line 900, in __connect
    with util.safe_reraise():
         ~~~~~~~~~~~~~~~~~^^
  File "C:\Users\sin\AppData\Roaming\Python\Python314\site-packages\sqlalchemy\util\langhelpers.py", line 121, in __exit__
    raise exc_value.with_traceback(exc_tb)
  File "C:\Users\sin\AppData\Roaming\Python\Python314\site-packages\sqlalchemy\pool\base.py", line 896, in __connect
    self.dbapi_connection = connection = pool._invoke_creator(self)
                                         ~~~~~~~~~~~~~~~~~~~~^^^^^^
  File "C:\Users\sin\AppData\Roaming\Python\Python314\site-packages\sqlalchemy\engine\create.py", line 667, in connect
    return dialect.connect(*cargs_tup, **cparams)
           ~~~~~~~~~~~~~~~^^^^^^^^^^^^^^^^^^^^^^^
  File "C:\Users\sin\AppData\Roaming\Python\Python314\site-packages\sqlalchemy\engine\default.py", line 630, in connect
    return self.loaded_dbapi.connect(*cargs, **cparams)  # type: ignore[no-any-return]  # NOQA: E501
           ~~~~~~~~~~~~~~~~~~~~~~~~~^^^^^^^^^^^^^^^^^^^
  File "C:\Users\sin\AppData\Roaming\Python\Python314\site-packages\sqlalchemy\dialects\postgresql\asyncpg.py", line 955, in connect
    await_only(creator_fn(*arg, **kw)),
    ~~~~~~~~~~^^^^^^^^^^^^^^^^^^^^^^^^
  File "C:\Users\sin\AppData\Roaming\Python\Python314\site-packages\sqlalchemy\util\_concurrency_py3k.py", line 132, in await_only
    return current.parent.switch(awaitable)  # type: ignore[no-any-return,attr-defined] # noqa: E501
           ~~~~~~~~~~~~~~~~~~~~~^^^^^^^^^^^
  File "C:\Users\sin\AppData\Roaming\Python\Python314\site-packages\sqlalchemy\util\_concurrency_py3k.py", line 196, in greenlet_spawn
    value = await result
            ^^^^^^^^^^^^
  File "C:\Users\sin\AppData\Roaming\Python\Python314\site-packages\asyncpg\connection.py", line 2443, in connect
    return await connect_utils._connect(
           ^^^^^^^^^^^^^^^^^^^^^^^^^^^^^
    ...<22 lines>...
    )
    ^
  File "C:\Users\sin\AppData\Roaming\Python\Python314\site-packages\asyncpg\connect_utils.py", line 1218, in _connect
    conn = await _connect_addr(
           ^^^^^^^^^^^^^^^^^^^^
    ...<6 lines>...
    )
    ^
  File "C:\Users\sin\AppData\Roaming\Python\Python314\site-packages\asyncpg\connect_utils.py", line 1054, in _connect_addr
    return await __connect_addr(params, True, *args)
           ^^^^^^^^^^^^^^^^^^^^^^^^^^^^^^^^^^^^^^^^^
  File "C:\Users\sin\AppData\Roaming\Python\Python314\site-packages\asyncpg\connect_utils.py", line 1102, in __connect_addr
    await connected
asyncpg.exceptions.ConnectionDoesNotExistError: connection was closed in the middle of operation
------------------------------ Captured log call ------------------------------
WARNING  asyncio:base_events.py:2041 Executing <Handle _ProactorReadPipeTransport._loop_reading(<_OverlappedF...events.py:507>) created at C:\Python314\Lib\asyncio\windows_events.py:93> took 0.113 seconds
ERROR    data.persistence.db_migrator:db_migrator.py:50 [DatabaseMigrator] Database table inspection failed: connection was closed in the middle of operation
Traceback (most recent call last):
  File "C:\Python314\Lib\asyncio\windows_events.py", line 463, in finish_socket_func
    return ov.getresult()
           ~~~~~~~~~~~~^^
OSError: [WinError 64] 鎸囧畾鐨勭綉缁滃悕涓嶅啀鍙敤銆?

During handling of the above exception, another exception occurred:

Traceback (most recent call last):
  File "C:\Python314\Lib\asyncio\proactor_events.py", line 286, in _loop_reading
    length = fut.result()
  File "C:\Python314\Lib\asyncio\windows_events.py", line 804, in _poll
    value = callback(transferred, key, ov)
  File "C:\Python314\Lib\asyncio\windows_events.py", line 467, in finish_socket_func
    raise ConnectionResetError(*exc.args)
ConnectionResetError: [WinError 64] 鎸囧畾鐨勭綉缁滃悕涓嶅啀鍙敤銆?

The above exception was the direct cause of the following exception:

Traceback (most recent call last):
  File "D:\workspace\Quantitative Trading\astock_screener\data\persistence\db_migrator.py", line 41, in init_db
    async with engine.connect() as conn:
               ~~~~~~~~~~~~~~^^
  File "C:\Users\sin\AppData\Roaming\Python\Python314\site-packages\sqlalchemy\ext\asyncio\base.py", line 121, in __aenter__
    return await self.start(is_ctxmanager=True)
           ^^^^^^^^^^^^^^^^^^^^^^^^^^^^^^^^^^^^
  File "C:\Users\sin\AppData\Roaming\Python\Python314\site-packages\sqlalchemy\ext\asyncio\engine.py", line 275, in start
    await greenlet_spawn(self.sync_engine.connect)
  File "C:\Users\sin\AppData\Roaming\Python\Python314\site-packages\sqlalchemy\util\_concurrency_py3k.py", line 201, in greenlet_spawn
    result = context.throw(*sys.exc_info())
  File "C:\Users\sin\AppData\Roaming\Python\Python314\site-packages\sqlalchemy\engine\base.py", line 3293, in connect
    return self._connection_cls(self)
           ~~~~~~~~~~~~~~~~~~~~^^^^^^
  File "C:\Users\sin\AppData\Roaming\Python\Python314\site-packages\sqlalchemy\engine\base.py", line 143, in __init__
    self._dbapi_connection = engine.raw_connection()
                             ~~~~~~~~~~~~~~~~~~~~~^^
  File "C:\Users\sin\AppData\Roaming\Python\Python314\site-packages\sqlalchemy\engine\base.py", line 3317, in raw_connection
    return self.pool.connect()
           ~~~~~~~~~~~~~~~~~^^
  File "C:\Users\sin\AppData\Roaming\Python\Python314\site-packages\sqlalchemy\pool\base.py", line 448, in connect
    return _ConnectionFairy._checkout(self)
           ~~~~~~~~~~~~~~~~~~~~~~~~~~^^^^^^
  File "C:\Users\sin\AppData\Roaming\Python\Python314\site-packages\sqlalchemy\pool\base.py", line 1272, in _checkout
    fairy = _ConnectionRecord.checkout(pool)
  File "C:\Users\sin\AppData\Roaming\Python\Python314\site-packages\sqlalchemy\pool\base.py", line 712, in checkout
    rec = pool._do_get()
  File "C:\Users\sin\AppData\Roaming\Python\Python314\site-packages\sqlalchemy\pool\impl.py", line 177, in _do_get
    with util.safe_reraise():
         ~~~~~~~~~~~~~~~~~^^
  File "C:\Users\sin\AppData\Roaming\Python\Python314\site-packages\sqlalchemy\util\langhelpers.py", line 121, in __exit__
    raise exc_value.with_traceback(exc_tb)
  File "C:\Users\sin\AppData\Roaming\Python\Python314\site-packages\sqlalchemy\pool\impl.py", line 175, in _do_get
    return self._create_connection()
           ~~~~~~~~~~~~~~~~~~~~~~~^^
  File "C:\Users\sin\AppData\Roaming\Python\Python314\site-packages\sqlalchemy\pool\base.py", line 389, in _create_connection
    return _ConnectionRecord(self)
  File "C:\Users\sin\AppData\Roaming\Python\Python314\site-packages\sqlalchemy\pool\base.py", line 674, in __init__
    self.__connect()
    ~~~~~~~~~~~~~~^^
  File "C:\Users\sin\AppData\Roaming\Python\Python314\site-packages\sqlalchemy\pool\base.py", line 900, in __connect
    with util.safe_reraise():
         ~~~~~~~~~~~~~~~~~^^
  File "C:\Users\sin\AppData\Roaming\Python\Python314\site-packages\sqlalchemy\util\langhelpers.py", line 121, in __exit__
    raise exc_value.with_traceback(exc_tb)
  File "C:\Users\sin\AppData\Roaming\Python\Python314\site-packages\sqlalchemy\pool\base.py", line 896, in __connect
    self.dbapi_connection = connection = pool._invoke_creator(self)
                                         ~~~~~~~~~~~~~~~~~~~~^^^^^^
  File "C:\Users\sin\AppData\Roaming\Python\Python314\site-packages\sqlalchemy\engine\create.py", line 667, in connect
    return dialect.connect(*cargs_tup, **cparams)
           ~~~~~~~~~~~~~~~^^^^^^^^^^^^^^^^^^^^^^^
  File "C:\Users\sin\AppData\Roaming\Python\Python314\site-packages\sqlalchemy\engine\default.py", line 630, in connect
    return self.loaded_dbapi.connect(*cargs, **cparams)  # type: ignore[no-any-return]  # NOQA: E501
           ~~~~~~~~~~~~~~~~~~~~~~~~~^^^^^^^^^^^^^^^^^^^
  File "C:\Users\sin\AppData\Roaming\Python\Python314\site-packages\sqlalchemy\dialects\postgresql\asyncpg.py", line 955, in connect
    await_only(creator_fn(*arg, **kw)),
    ~~~~~~~~~~^^^^^^^^^^^^^^^^^^^^^^^^
  File "C:\Users\sin\AppData\Roaming\Python\Python314\site-packages\sqlalchemy\util\_concurrency_py3k.py", line 132, in await_only
    return current.parent.switch(awaitable)  # type: ignore[no-any-return,attr-defined] # noqa: E501
           ~~~~~~~~~~~~~~~~~~~~~^^^^^^^^^^^
  File "C:\Users\sin\AppData\Roaming\Python\Python314\site-packages\sqlalchemy\util\_concurrency_py3k.py", line 196, in greenlet_spawn
    value = await result
            ^^^^^^^^^^^^
  File "C:\Users\sin\AppData\Roaming\Python\Python314\site-packages\asyncpg\connection.py", line 2443, in connect
    return await connect_utils._connect(
           ^^^^^^^^^^^^^^^^^^^^^^^^^^^^^
    ...<22 lines>...
    )
    ^
  File "C:\Users\sin\AppData\Roaming\Python\Python314\site-packages\asyncpg\connect_utils.py", line 1218, in _connect
    conn = await _connect_addr(
           ^^^^^^^^^^^^^^^^^^^^
    ...<6 lines>...
    )
    ^
  File "C:\Users\sin\AppData\Roaming\Python\Python314\site-packages\asyncpg\connect_utils.py", line 1054, in _connect_addr
    return await __connect_addr(params, True, *args)
           ^^^^^^^^^^^^^^^^^^^^^^^^^^^^^^^^^^^^^^^^^
  File "C:\Users\sin\AppData\Roaming\Python\Python314\site-packages\asyncpg\connect_utils.py", line 1102, in __connect_addr
    await connected
asyncpg.exceptions.ConnectionDoesNotExistError: connection was closed in the middle of operation
ERROR    data.persistence.db_migrator:db_migrator.py:98 [DatabaseMigrator] Schema upgrade failed: connection was closed in the middle of operation
Traceback (most recent call last):
  File "C:\Python314\Lib\asyncio\windows_events.py", line 463, in finish_socket_func
    return ov.getresult()
           ~~~~~~~~~~~~^^
OSError: [WinError 64] 鎸囧畾鐨勭綉缁滃悕涓嶅啀鍙敤銆?

During handling of the above exception, another exception occurred:

Traceback (most recent call last):
  File "C:\Python314\Lib\asyncio\proactor_events.py", line 286, in _loop_reading
    length = fut.result()
  File "C:\Python314\Lib\asyncio\windows_events.py", line 804, in _poll
    value = callback(transferred, key, ov)
  File "C:\Python314\Lib\asyncio\windows_events.py", line 467, in finish_socket_func
    raise ConnectionResetError(*exc.args)
ConnectionResetError: [WinError 64] 鎸囧畾鐨勭綉缁滃悕涓嶅啀鍙敤銆?

The above exception was the direct cause of the following exception:

Traceback (most recent call last):
  File "D:\workspace\Quantitative Trading\astock_screener\data\persistence\db_migrator.py", line 95, in init_db
    await ThreadPoolManager().run_async(TaskType.IO, run_alembic_upgrade)
  File "D:\workspace\Quantitative Trading\astock_screener\utils\thread_pool.py", line 191, in run_async
    return await loop.run_in_executor(executor, func, *args)
           ^^^^^^^^^^^^^^^^^^^^^^^^^^^^^^^^^^^^^^^^^^^^^^^^^
  File "C:\Python314\Lib\concurrent\futures\thread.py", line 86, in run
    result = ctx.run(self.task)
  File "C:\Python314\Lib\concurrent\futures\thread.py", line 73, in run
    return fn(*args, **kwargs)
  File "D:\workspace\Quantitative Trading\astock_screener\data\persistence\db_migrator.py", line 92, in run_alembic_upgrade
    command.upgrade(alembic_cfg, "head")
    ~~~~~~~~~~~~~~~^^^^^^^^^^^^^^^^^^^^^
  File "C:\Users\sin\AppData\Roaming\Python\Python314\site-packages\alembic\command.py", line 483, in upgrade
    script.run_env()
    ~~~~~~~~~~~~~~^^
  File "C:\Users\sin\AppData\Roaming\Python\Python314\site-packages\alembic\script\base.py", line 545, in run_env
    util.load_python_file(self.dir, "env.py")
    ~~~~~~~~~~~~~~~~~~~~~^^^^^^^^^^^^^^^^^^^^
  File "C:\Users\sin\AppData\Roaming\Python\Python314\site-packages\alembic\util\pyfiles.py", line 116, in load_python_file
    module = load_module_py(module_id, path)
  File "C:\Users\sin\AppData\Roaming\Python\Python314\site-packages\alembic\util\pyfiles.py", line 136, in load_module_py
    spec.loader.exec_module(module)  # type: ignore
    ~~~~~~~~~~~~~~~~~~~~~~~^^^^^^^^
  File "<frozen importlib._bootstrap_external>", line 759, in exec_module
  File "<frozen importlib._bootstrap>", line 491, in _call_with_frames_removed
  File "D:\workspace\Quantitative Trading\astock_screener\data\persistence\..\..\alembic\env.py", line 110, in <module>
    run_migrations_online()
    ~~~~~~~~~~~~~~~~~~~~~^^
  File "D:\workspace\Quantitative Trading\astock_screener\data\persistence\..\..\alembic\env.py", line 104, in run_migrations_online
    asyncio.run(run_async_migrations())
    ~~~~~~~~~~~^^^^^^^^^^^^^^^^^^^^^^^^
  File "C:\Python314\Lib\asyncio\runners.py", line 204, in run
    return runner.run(main)
           ~~~~~~~~~~^^^^^^
  File "C:\Python314\Lib\asyncio\runners.py", line 127, in run
    return self._loop.run_until_complete(task)
           ~~~~~~~~~~~~~~~~~~~~~~~~~~~~~^^^^^^
  File "C:\Python314\Lib\asyncio\base_events.py", line 719, in run_until_complete
    return future.result()
           ~~~~~~~~~~~~~^^
  File "D:\workspace\Quantitative Trading\astock_screener\data\persistence\..\..\alembic\env.py", line 97, in run_async_migrations
    async with connectable.connect() as connection:
               ~~~~~~~~~~~~~~~~~~~^^
  File "C:\Users\sin\AppData\Roaming\Python\Python314\site-packages\sqlalchemy\ext\asyncio\base.py", line 121, in __aenter__
    return await self.start(is_ctxmanager=True)
           ^^^^^^^^^^^^^^^^^^^^^^^^^^^^^^^^^^^^
  File "C:\Users\sin\AppData\Roaming\Python\Python314\site-packages\sqlalchemy\ext\asyncio\engine.py", line 275, in start
    await greenlet_spawn(self.sync_engine.connect)
  File "C:\Users\sin\AppData\Roaming\Python\Python314\site-packages\sqlalchemy\util\_concurrency_py3k.py", line 201, in greenlet_spawn
    result = context.throw(*sys.exc_info())
  File "C:\Users\sin\AppData\Roaming\Python\Python314\site-packages\sqlalchemy\engine\base.py", line 3293, in connect
    return self._connection_cls(self)
           ~~~~~~~~~~~~~~~~~~~~^^^^^^
  File "C:\Users\sin\AppData\Roaming\Python\Python314\site-packages\sqlalchemy\engine\base.py", line 143, in __init__
    self._dbapi_connection = engine.raw_connection()
                             ~~~~~~~~~~~~~~~~~~~~~^^
  File "C:\Users\sin\AppData\Roaming\Python\Python314\site-packages\sqlalchemy\engine\base.py", line 3317, in raw_connection
    return self.pool.connect()
           ~~~~~~~~~~~~~~~~~^^
  File "C:\Users\sin\AppData\Roaming\Python\Python314\site-packages\sqlalchemy\pool\base.py", line 448, in connect
    return _ConnectionFairy._checkout(self)
           ~~~~~~~~~~~~~~~~~~~~~~~~~~^^^^^^
  File "C:\Users\sin\AppData\Roaming\Python\Python314\site-packages\sqlalchemy\pool\base.py", line 1272, in _checkout
    fairy = _ConnectionRecord.checkout(pool)
  File "C:\Users\sin\AppData\Roaming\Python\Python314\site-packages\sqlalchemy\pool\base.py", line 712, in checkout
    rec = pool._do_get()
  File "C:\Users\sin\AppData\Roaming\Python\Python314\site-packages\sqlalchemy\pool\impl.py", line 306, in _do_get
    return self._create_connection()
           ~~~~~~~~~~~~~~~~~~~~~~~^^
  File "C:\Users\sin\AppData\Roaming\Python\Python314\site-packages\sqlalchemy\pool\base.py", line 389, in _create_connection
    return _ConnectionRecord(self)
  File "C:\Users\sin\AppData\Roaming\Python\Python314\site-packages\sqlalchemy\pool\base.py", line 674, in __init__
    self.__connect()
    ~~~~~~~~~~~~~~^^
  File "C:\Users\sin\AppData\Roaming\Python\Python314\site-packages\sqlalchemy\pool\base.py", line 900, in __connect
    with util.safe_reraise():
         ~~~~~~~~~~~~~~~~~^^
  File "C:\Users\sin\AppData\Roaming\Python\Python314\site-packages\sqlalchemy\util\langhelpers.py", line 121, in __exit__
    raise exc_value.with_traceback(exc_tb)
  File "C:\Users\sin\AppData\Roaming\Python\Python314\site-packages\sqlalchemy\pool\base.py", line 896, in __connect
    self.dbapi_connection = connection = pool._invoke_creator(self)
                                         ~~~~~~~~~~~~~~~~~~~~^^^^^^
  File "C:\Users\sin\AppData\Roaming\Python\Python314\site-packages\sqlalchemy\engine\create.py", line 667, in connect
    return dialect.connect(*cargs_tup, **cparams)
           ~~~~~~~~~~~~~~~^^^^^^^^^^^^^^^^^^^^^^^
  File "C:\Users\sin\AppData\Roaming\Python\Python314\site-packages\sqlalchemy\engine\default.py", line 630, in connect
    return self.loaded_dbapi.connect(*cargs, **cparams)  # type: ignore[no-any-return]  # NOQA: E501
           ~~~~~~~~~~~~~~~~~~~~~~~~~^^^^^^^^^^^^^^^^^^^
  File "C:\Users\sin\AppData\Roaming\Python\Python314\site-packages\sqlalchemy\dialects\postgresql\asyncpg.py", line 955, in connect
    await_only(creator_fn(*arg, **kw)),
    ~~~~~~~~~~^^^^^^^^^^^^^^^^^^^^^^^^
  File "C:\Users\sin\AppData\Roaming\Python\Python314\site-packages\sqlalchemy\util\_concurrency_py3k.py", line 132, in await_only
    return current.parent.switch(awaitable)  # type: ignore[no-any-return,attr-defined] # noqa: E501
           ~~~~~~~~~~~~~~~~~~~~~^^^^^^^^^^^
  File "C:\Users\sin\AppData\Roaming\Python\Python314\site-packages\sqlalchemy\util\_concurrency_py3k.py", line 196, in greenlet_spawn
    value = await result
            ^^^^^^^^^^^^
  File "C:\Users\sin\AppData\Roaming\Python\Python314\site-packages\asyncpg\connection.py", line 2443, in connect
    return await connect_utils._connect(
           ^^^^^^^^^^^^^^^^^^^^^^^^^^^^^
    ...<22 lines>...
    )
    ^
  File "C:\Users\sin\AppData\Roaming\Python\Python314\site-packages\asyncpg\connect_utils.py", line 1218, in _connect
    conn = await _connect_addr(
           ^^^^^^^^^^^^^^^^^^^^
    ...<6 lines>...
    )
    ^
  File "C:\Users\sin\AppData\Roaming\Python\Python314\site-packages\asyncpg\connect_utils.py", line 1054, in _connect_addr
    return await __connect_addr(params, True, *args)
           ^^^^^^^^^^^^^^^^^^^^^^^^^^^^^^^^^^^^^^^^^
  File "C:\Users\sin\AppData\Roaming\Python\Python314\site-packages\asyncpg\connect_utils.py", line 1102, in __connect_addr
    await connected
asyncpg.exceptions.ConnectionDoesNotExistError: connection was closed in the middle of operation
ERROR    data.cache.cache_manager:cache_manager.py:257 [CacheManager] Schema | Init failed critically: connection was closed in the middle of operation
Traceback (most recent call last):
  File "C:\Python314\Lib\asyncio\windows_events.py", line 463, in finish_socket_func
    return ov.getresult()
           ~~~~~~~~~~~~^^
OSError: [WinError 64] 鎸囧畾鐨勭綉缁滃悕涓嶅啀鍙敤銆?

During handling of the above exception, another exception occurred:

Traceback (most recent call last):
  File "C:\Python314\Lib\asyncio\proactor_events.py", line 286, in _loop_reading
    length = fut.result()
  File "C:\Python314\Lib\asyncio\windows_events.py", line 804, in _poll
    value = callback(transferred, key, ov)
  File "C:\Python314\Lib\asyncio\windows_events.py", line 467, in finish_socket_func
    raise ConnectionResetError(*exc.args)
ConnectionResetError: [WinError 64] 鎸囧畾鐨勭綉缁滃悕涓嶅啀鍙敤銆?

The above exception was the direct cause of the following exception:

Traceback (most recent call last):
  File "D:\workspace\Quantitative Trading\astock_screener\data\cache\cache_manager.py", line 252, in init_db
    await DatabaseMigrator.init_db(self.engine)
  File "D:\workspace\Quantitative Trading\astock_screener\data\persistence\db_migrator.py", line 95, in init_db
    await ThreadPoolManager().run_async(TaskType.IO, run_alembic_upgrade)
  File "D:\workspace\Quantitative Trading\astock_screener\utils\thread_pool.py", line 191, in run_async
    return await loop.run_in_executor(executor, func, *args)
           ^^^^^^^^^^^^^^^^^^^^^^^^^^^^^^^^^^^^^^^^^^^^^^^^^
  File "C:\Python314\Lib\concurrent\futures\thread.py", line 86, in run
    result = ctx.run(self.task)
  File "C:\Python314\Lib\concurrent\futures\thread.py", line 73, in run
    return fn(*args, **kwargs)
  File "D:\workspace\Quantitative Trading\astock_screener\data\persistence\db_migrator.py", line 92, in run_alembic_upgrade
    command.upgrade(alembic_cfg, "head")
    ~~~~~~~~~~~~~~~^^^^^^^^^^^^^^^^^^^^^
  File "C:\Users\sin\AppData\Roaming\Python\Python314\site-packages\alembic\command.py", line 483, in upgrade
    script.run_env()
    ~~~~~~~~~~~~~~^^
  File "C:\Users\sin\AppData\Roaming\Python\Python314\site-packages\alembic\script\base.py", line 545, in run_env
    util.load_python_file(self.dir, "env.py")
    ~~~~~~~~~~~~~~~~~~~~~^^^^^^^^^^^^^^^^^^^^
  File "C:\Users\sin\AppData\Roaming\Python\Python314\site-packages\alembic\util\pyfiles.py", line 116, in load_python_file
    module = load_module_py(module_id, path)
  File "C:\Users\sin\AppData\Roaming\Python\Python314\site-packages\alembic\util\pyfiles.py", line 136, in load_module_py
    spec.loader.exec_module(module)  # type: ignore
    ~~~~~~~~~~~~~~~~~~~~~~~^^^^^^^^
  File "<frozen importlib._bootstrap_external>", line 759, in exec_module
  File "<frozen importlib._bootstrap>", line 491, in _call_with_frames_removed
  File "D:\workspace\Quantitative Trading\astock_screener\data\persistence\..\..\alembic\env.py", line 110, in <module>
    run_migrations_online()
    ~~~~~~~~~~~~~~~~~~~~~^^
  File "D:\workspace\Quantitative Trading\astock_screener\data\persistence\..\..\alembic\env.py", line 104, in run_migrations_online
    asyncio.run(run_async_migrations())
    ~~~~~~~~~~~^^^^^^^^^^^^^^^^^^^^^^^^
  File "C:\Python314\Lib\asyncio\runners.py", line 204, in run
    return runner.run(main)
           ~~~~~~~~~~^^^^^^
  File "C:\Python314\Lib\asyncio\runners.py", line 127, in run
    return self._loop.run_until_complete(task)
           ~~~~~~~~~~~~~~~~~~~~~~~~~~~~~^^^^^^
  File "C:\Python314\Lib\asyncio\base_events.py", line 719, in run_until_complete
    return future.result()
           ~~~~~~~~~~~~~^^
  File "D:\workspace\Quantitative Trading\astock_screener\data\persistence\..\..\alembic\env.py", line 97, in run_async_migrations
    async with connectable.connect() as connection:
               ~~~~~~~~~~~~~~~~~~~^^
  File "C:\Users\sin\AppData\Roaming\Python\Python314\site-packages\sqlalchemy\ext\asyncio\base.py", line 121, in __aenter__
    return await self.start(is_ctxmanager=True)
           ^^^^^^^^^^^^^^^^^^^^^^^^^^^^^^^^^^^^
  File "C:\Users\sin\AppData\Roaming\Python\Python314\site-packages\sqlalchemy\ext\asyncio\engine.py", line 275, in start
    await greenlet_spawn(self.sync_engine.connect)
  File "C:\Users\sin\AppData\Roaming\Python\Python314\site-packages\sqlalchemy\util\_concurrency_py3k.py", line 201, in greenlet_spawn
    result = context.throw(*sys.exc_info())
  File "C:\Users\sin\AppData\Roaming\Python\Python314\site-packages\sqlalchemy\engine\base.py", line 3293, in connect
    return self._connection_cls(self)
           ~~~~~~~~~~~~~~~~~~~~^^^^^^
  File "C:\Users\sin\AppData\Roaming\Python\Python314\site-packages\sqlalchemy\engine\base.py", line 143, in __init__
    self._dbapi_connection = engine.raw_connection()
                             ~~~~~~~~~~~~~~~~~~~~~^^
  File "C:\Users\sin\AppData\Roaming\Python\Python314\site-packages\sqlalchemy\engine\base.py", line 3317, in raw_connection
    return self.pool.connect()
           ~~~~~~~~~~~~~~~~~^^
  File "C:\Users\sin\AppData\Roaming\Python\Python314\site-packages\sqlalchemy\pool\base.py", line 448, in connect
    return _ConnectionFairy._checkout(self)
           ~~~~~~~~~~~~~~~~~~~~~~~~~~^^^^^^
  File "C:\Users\sin\AppData\Roaming\Python\Python314\site-packages\sqlalchemy\pool\base.py", line 1272, in _checkout
    fairy = _ConnectionRecord.checkout(pool)
  File "C:\Users\sin\AppData\Roaming\Python\Python314\site-packages\sqlalchemy\pool\base.py", line 712, in checkout
    rec = pool._do_get()
  File "C:\Users\sin\AppData\Roaming\Python\Python314\site-packages\sqlalchemy\pool\impl.py", line 306, in _do_get
    return self._create_connection()
           ~~~~~~~~~~~~~~~~~~~~~~~^^
  File "C:\Users\sin\AppData\Roaming\Python\Python314\site-packages\sqlalchemy\pool\base.py", line 389, in _create_connection
    return _ConnectionRecord(self)
  File "C:\Users\sin\AppData\Roaming\Python\Python314\site-packages\sqlalchemy\pool\base.py", line 674, in __init__
    self.__connect()
    ~~~~~~~~~~~~~~^^
  File "C:\Users\sin\AppData\Roaming\Python\Python314\site-packages\sqlalchemy\pool\base.py", line 900, in __connect
    with util.safe_reraise():
         ~~~~~~~~~~~~~~~~~^^
  File "C:\Users\sin\AppData\Roaming\Python\Python314\site-packages\sqlalchemy\util\langhelpers.py", line 121, in __exit__
    raise exc_value.with_traceback(exc_tb)
  File "C:\Users\sin\AppData\Roaming\Python\Python314\site-packages\sqlalchemy\pool\base.py", line 896, in __connect
    self.dbapi_connection = connection = pool._invoke_creator(self)
                                         ~~~~~~~~~~~~~~~~~~~~^^^^^^
  File "C:\Users\sin\AppData\Roaming\Python\Python314\site-packages\sqlalchemy\engine\create.py", line 667, in connect
    return dialect.connect(*cargs_tup, **cparams)
           ~~~~~~~~~~~~~~~^^^^^^^^^^^^^^^^^^^^^^^
  File "C:\Users\sin\AppData\Roaming\Python\Python314\site-packages\sqlalchemy\engine\default.py", line 630, in connect
    return self.loaded_dbapi.connect(*cargs, **cparams)  # type: ignore[no-any-return]  # NOQA: E501
           ~~~~~~~~~~~~~~~~~~~~~~~~~^^^^^^^^^^^^^^^^^^^
  File "C:\Users\sin\AppData\Roaming\Python\Python314\site-packages\sqlalchemy\dialects\postgresql\asyncpg.py", line 955, in connect
    await_only(creator_fn(*arg, **kw)),
    ~~~~~~~~~~^^^^^^^^^^^^^^^^^^^^^^^^
  File "C:\Users\sin\AppData\Roaming\Python\Python314\site-packages\sqlalchemy\util\_concurrency_py3k.py", line 132, in await_only
    return current.parent.switch(awaitable)  # type: ignore[no-any-return,attr-defined] # noqa: E501
           ~~~~~~~~~~~~~~~~~~~~~^^^^^^^^^^^
  File "C:\Users\sin\AppData\Roaming\Python\Python314\site-packages\sqlalchemy\util\_concurrency_py3k.py", line 196, in greenlet_spawn
    value = await result
            ^^^^^^^^^^^^
  File "C:\Users\sin\AppData\Roaming\Python\Python314\site-packages\asyncpg\connection.py", line 2443, in connect
    return await connect_utils._connect(
           ^^^^^^^^^^^^^^^^^^^^^^^^^^^^^
    ...<22 lines>...
    )
    ^
  File "C:\Users\sin\AppData\Roaming\Python\Python314\site-packages\asyncpg\connect_utils.py", line 1218, in _connect
    conn = await _connect_addr(
           ^^^^^^^^^^^^^^^^^^^^
    ...<6 lines>...
    )
    ^
  File "C:\Users\sin\AppData\Roaming\Python\Python314\site-packages\asyncpg\connect_utils.py", line 1054, in _connect_addr
    return await __connect_addr(params, True, *args)
           ^^^^^^^^^^^^^^^^^^^^^^^^^^^^^^^^^^^^^^^^^
  File "C:\Users\sin\AppData\Roaming\Python\Python314\site-packages\asyncpg\connect_utils.py", line 1102, in __connect_addr
    await connected
asyncpg.exceptions.ConnectionDoesNotExistError: connection was closed in the middle of operation
____ TestTradeCalendarServiceHolidays.test_count_trade_days_across_holiday ____

self = <tests.test_data_trade_calendar.TestTradeCalendarServiceHolidays testMethod=test_count_trade_days_across_holiday>

    async def test_count_trade_days_across_holiday(self):
        """Test count_trade_days correctly counts across holidays."""
        await self._seed_holiday_calendar()
    
        result = await self.service.count_trade_days(datetime.date(2024, 2, 8), datetime.date(2024, 2, 20))
    
>       self.assertEqual(result, 3)
E       AssertionError: 0 != 3

tests\test_data_trade_calendar.py:852: AssertionError
---------------------------- Captured stdout call -----------------------------
2026-04-30 01:28:29 [INFO] [-] [IO_Worker_1] [migration.py:210] - Context impl PostgresqlImpl.
2026-04-30 01:28:29 [INFO] [-] [IO_Worker_1] [migration.py:213] - Will assume transactional DDL.
2026-04-30 01:28:29 [WARNING] [-] [MainThread] [base_dao.py:244] - [StockDao] Insert 'trade_cal': Missing columns in dataframe, filling with None: ['pretrade_date']
2026-04-30 01:28:29 [WARNING] [-] [MainThread] [base_dao.py:373] - [StockDao] UPSERT Error (89.6ms, suppressed) on trade_cal: (sqlalchemy.dialects.postgresql.asyncpg.ProgrammingError) <class 'asyncpg.exceptions.UndefinedTableError'>: 鍏崇郴 "trade_cal" 涓嶅瓨鍦?
[SQL: INSERT INTO trade_cal (cal_date, exchange, is_open, pretrade_date) VALUES ($1::DATE, $2::VARCHAR, $3::INTEGER, $4::DATE) ON CONFLICT (cal_date) DO UPDATE SET exchange = excluded.exchange, is_open = excluded.is_open, pretrade_date = excluded.pretrade_date, updated_at = now()]
[parameters: [(datetime.date(2024, 1, 1), 'SSE', 1, None), (datetime.date(2024, 1, 2), 'SSE', 1, None), (datetime.date(2024, 1, 3), 'SSE', 1, None), (datetime.date(2024, 1, 4), 'SSE', 1, None), (datetime.date(2024, 1, 5), 'SSE', 1, None), (datetime.date(2024, 1, 6), 'SSE', 0, None), (datetime.date(2024, 1, 7), 'SSE', 0, None), (datetime.date(2024, 1, 8), 'SSE', 1, None)  ... displaying 10 of 366 total bound parameter sets ...  (datetime.date(2024, 12, 30), 'SSE', 1, None), (datetime.date(2024, 12, 31), 'SSE', 1, None)]]
(Background on this error at: https://sqlalche.me/e/20/f405)
2026-04-30 01:28:29 [WARNING] [-] [MainThread] [base_dao.py:496] - [StockDao] Read Error (67.5ms): (sqlalchemy.dialects.postgresql.asyncpg.ProgrammingError) <class 'asyncpg.exceptions.UndefinedTableError'>: 鍏崇郴 "trade_cal" 涓嶅瓨鍦?
[SQL: SELECT COUNT(*) as cnt FROM trade_cal WHERE is_open=1 AND cal_date >= $1 AND cal_date <= $2]
[parameters: (datetime.date(2024, 2, 8), datetime.date(2024, 2, 20))]
(Background on this error at: https://sqlalche.me/e/20/f405)
------------------------------ Captured log call ------------------------------
INFO     alembic.runtime.migration:migration.py:210 Context impl PostgresqlImpl.
INFO     alembic.runtime.migration:migration.py:213 Will assume transactional DDL.
WARNING  data.persistence.daos.base_dao:base_dao.py:244 [StockDao] Insert 'trade_cal': Missing columns in dataframe, filling with None: ['pretrade_date']
WARNING  data.persistence.daos.base_dao:base_dao.py:373 [StockDao] UPSERT Error (89.6ms, suppressed) on trade_cal: (sqlalchemy.dialects.postgresql.asyncpg.ProgrammingError) <class 'asyncpg.exceptions.UndefinedTableError'>: 鍏崇郴 "trade_cal" 涓嶅瓨鍦?
[SQL: INSERT INTO trade_cal (cal_date, exchange, is_open, pretrade_date) VALUES ($1::DATE, $2::VARCHAR, $3::INTEGER, $4::DATE) ON CONFLICT (cal_date) DO UPDATE SET exchange = excluded.exchange, is_open = excluded.is_open, pretrade_date = excluded.pretrade_date, updated_at = now()]
[parameters: [(datetime.date(2024, 1, 1), 'SSE', 1, None), (datetime.date(2024, 1, 2), 'SSE', 1, None), (datetime.date(2024, 1, 3), 'SSE', 1, None), (datetime.date(2024, 1, 4), 'SSE', 1, None), (datetime.date(2024, 1, 5), 'SSE', 1, None), (datetime.date(2024, 1, 6), 'SSE', 0, None), (datetime.date(2024, 1, 7), 'SSE', 0, None), (datetime.date(2024, 1, 8), 'SSE', 1, None)  ... displaying 10 of 366 total bound parameter sets ...  (datetime.date(2024, 12, 30), 'SSE', 1, None), (datetime.date(2024, 12, 31), 'SSE', 1, None)]]
(Background on this error at: https://sqlalche.me/e/20/f405)
WARNING  data.persistence.daos.base_dao:base_dao.py:496 [StockDao] Read Error (67.5ms): (sqlalchemy.dialects.postgresql.asyncpg.ProgrammingError) <class 'asyncpg.exceptions.UndefinedTableError'>: 鍏崇郴 "trade_cal" 涓嶅瓨鍦?
[SQL: SELECT COUNT(*) as cnt FROM trade_cal WHERE is_open=1 AND cal_date >= $1 AND cal_date <= $2]
[parameters: (datetime.date(2024, 2, 8), datetime.date(2024, 2, 20))]
(Background on this error at: https://sqlalche.me/e/20/f405)
________ TestTradeCalendarServiceCacheTTL.test_clear_cache_resets_ttl _________

trans = 0, key = 0, ov = <_overlapped.Overlapped object at 0x00000214A61540F0>

    @staticmethod
    def finish_socket_func(trans, key, ov):
        try:
>           return ov.getresult()
                   ^^^^^^^^^^^^^^
E           OSError: [WinError 64] 鎸囧畾鐨勭綉缁滃悕涓嶅啀鍙敤銆?

C:\Python314\Lib\asyncio\windows_events.py:463: OSError

During handling of the above exception, another exception occurred:

self = <_ProactorSocketTransport closed>
fut = <_OverlappedFuture finished exception=ConnectionResetError(22, '鎸囧畾鐨勭綉缁滃悕涓嶅啀鍙敤銆?, None, 64, None)>

    def _loop_reading(self, fut=None):
        length = -1
        data = None
        try:
            if fut is not None:
                assert self._read_fut is fut or (self._read_fut is None and
                                                 self._closing)
                self._read_fut = None
                if fut.done():
                    # deliver data later in "finally" clause
>                   length = fut.result()
                             ^^^^^^^^^^^^

C:\Python314\Lib\asyncio\proactor_events.py:286: 
_ _ _ _ _ _ _ _ _ _ _ _ _ _ _ _ _ _ _ _ _ _ _ _ _ _ _ _ _ _ _ _ _ _ _ _ _ _ _ _
C:\Python314\Lib\asyncio\windows_events.py:804: in _poll
    value = callback(transferred, key, ov)
            ^^^^^^^^^^^^^^^^^^^^^^^^^^^^^^
_ _ _ _ _ _ _ _ _ _ _ _ _ _ _ _ _ _ _ _ _ _ _ _ _ _ _ _ _ _ _ _ _ _ _ _ _ _ _ _

trans = 0, key = 0, ov = <_overlapped.Overlapped object at 0x00000214A61540F0>

    @staticmethod
    def finish_socket_func(trans, key, ov):
        try:
            return ov.getresult()
        except OSError as exc:
            if exc.winerror in (_overlapped.ERROR_NETNAME_DELETED,
                                _overlapped.ERROR_OPERATION_ABORTED):
>               raise ConnectionResetError(*exc.args)
E               ConnectionResetError: [WinError 64] 鎸囧畾鐨勭綉缁滃悕涓嶅啀鍙敤銆?

C:\Python314\Lib\asyncio\windows_events.py:467: ConnectionResetError

The above exception was the direct cause of the following exception:

self = <tests.test_data_trade_calendar.TestTradeCalendarServiceCacheTTL testMethod=test_clear_cache_resets_ttl>

    async def asyncSetUp(self):
>       await super().asyncSetUp()

tests\test_data_trade_calendar.py:1009: 
_ _ _ _ _ _ _ _ _ _ _ _ _ _ _ _ _ _ _ _ _ _ _ _ _ _ _ _ _ _ _ _ _ _ _ _ _ _ _ _
tests\test_infra_base.py:120: in asyncSetUp
    await self.cache.init_db()
data\cache\cache_manager.py:252: in init_db
    await DatabaseMigrator.init_db(self.engine)
data\persistence\db_migrator.py:95: in init_db
    await ThreadPoolManager().run_async(TaskType.IO, run_alembic_upgrade)
utils\thread_pool.py:191: in run_async
    return await loop.run_in_executor(executor, func, *args)
           ^^^^^^^^^^^^^^^^^^^^^^^^^^^^^^^^^^^^^^^^^^^^^^^^^
C:\Python314\Lib\concurrent\futures\thread.py:86: in run
    result = ctx.run(self.task)
             ^^^^^^^^^^^^^^^^^^
C:\Python314\Lib\concurrent\futures\thread.py:73: in run
    return fn(*args, **kwargs)
           ^^^^^^^^^^^^^^^^^^^
data\persistence\db_migrator.py:92: in run_alembic_upgrade
    command.upgrade(alembic_cfg, "head")
C:\Users\sin\AppData\Roaming\Python\Python314\site-packages\alembic\command.py:483: in upgrade
    script.run_env()
C:\Users\sin\AppData\Roaming\Python\Python314\site-packages\alembic\script\base.py:545: in run_env
    util.load_python_file(self.dir, "env.py")
C:\Users\sin\AppData\Roaming\Python\Python314\site-packages\alembic\util\pyfiles.py:116: in load_python_file
    module = load_module_py(module_id, path)
             ^^^^^^^^^^^^^^^^^^^^^^^^^^^^^^^
C:\Users\sin\AppData\Roaming\Python\Python314\site-packages\alembic\util\pyfiles.py:136: in load_module_py
    spec.loader.exec_module(module)  # type: ignore
    ^^^^^^^^^^^^^^^^^^^^^^^^^^^^^^^
<frozen importlib._bootstrap_external>:759: in exec_module
    ???
<frozen importlib._bootstrap>:491: in _call_with_frames_removed
    ???
alembic\env.py:110: in <module>
    run_migrations_online()
alembic\env.py:104: in run_migrations_online
    asyncio.run(run_async_migrations())
C:\Python314\Lib\asyncio\runners.py:204: in run
    return runner.run(main)
           ^^^^^^^^^^^^^^^^
C:\Python314\Lib\asyncio\runners.py:127: in run
    return self._loop.run_until_complete(task)
           ^^^^^^^^^^^^^^^^^^^^^^^^^^^^^^^^^^^
C:\Python314\Lib\asyncio\base_events.py:719: in run_until_complete
    return future.result()
           ^^^^^^^^^^^^^^^
alembic\env.py:97: in run_async_migrations
    async with connectable.connect() as connection:
               ^^^^^^^^^^^^^^^^^^^^^
C:\Users\sin\AppData\Roaming\Python\Python314\site-packages\sqlalchemy\ext\asyncio\base.py:121: in __aenter__
    return await self.start(is_ctxmanager=True)
           ^^^^^^^^^^^^^^^^^^^^^^^^^^^^^^^^^^^^
C:\Users\sin\AppData\Roaming\Python\Python314\site-packages\sqlalchemy\ext\asyncio\engine.py:275: in start
    await greenlet_spawn(self.sync_engine.connect)
C:\Users\sin\AppData\Roaming\Python\Python314\site-packages\sqlalchemy\util\_concurrency_py3k.py:201: in greenlet_spawn
    result = context.throw(*sys.exc_info())
             ^^^^^^^^^^^^^^^^^^^^^^^^^^^^^^
C:\Users\sin\AppData\Roaming\Python\Python314\site-packages\sqlalchemy\engine\base.py:3293: in connect
    return self._connection_cls(self)
           ^^^^^^^^^^^^^^^^^^^^^^^^^^
C:\Users\sin\AppData\Roaming\Python\Python314\site-packages\sqlalchemy\engine\base.py:143: in __init__
    self._dbapi_connection = engine.raw_connection()
                             ^^^^^^^^^^^^^^^^^^^^^^^
C:\Users\sin\AppData\Roaming\Python\Python314\site-packages\sqlalchemy\engine\base.py:3317: in raw_connection
    return self.pool.connect()
           ^^^^^^^^^^^^^^^^^^^
C:\Users\sin\AppData\Roaming\Python\Python314\site-packages\sqlalchemy\pool\base.py:448: in connect
    return _ConnectionFairy._checkout(self)
           ^^^^^^^^^^^^^^^^^^^^^^^^^^^^^^^^
C:\Users\sin\AppData\Roaming\Python\Python314\site-packages\sqlalchemy\pool\base.py:1272: in _checkout
    fairy = _ConnectionRecord.checkout(pool)
            ^^^^^^^^^^^^^^^^^^^^^^^^^^^^^^^^
C:\Users\sin\AppData\Roaming\Python\Python314\site-packages\sqlalchemy\pool\base.py:712: in checkout
    rec = pool._do_get()
          ^^^^^^^^^^^^^^
C:\Users\sin\AppData\Roaming\Python\Python314\site-packages\sqlalchemy\pool\impl.py:306: in _do_get
    return self._create_connection()
           ^^^^^^^^^^^^^^^^^^^^^^^^^
C:\Users\sin\AppData\Roaming\Python\Python314\site-packages\sqlalchemy\pool\base.py:389: in _create_connection
    return _ConnectionRecord(self)
           ^^^^^^^^^^^^^^^^^^^^^^^
C:\Users\sin\AppData\Roaming\Python\Python314\site-packages\sqlalchemy\pool\base.py:674: in __init__
    self.__connect()
C:\Users\sin\AppData\Roaming\Python\Python314\site-packages\sqlalchemy\pool\base.py:900: in __connect
    with util.safe_reraise():
         ^^^^^^^^^^^^^^^^^^^
C:\Users\sin\AppData\Roaming\Python\Python314\site-packages\sqlalchemy\util\langhelpers.py:121: in __exit__
    raise exc_value.with_traceback(exc_tb)
C:\Users\sin\AppData\Roaming\Python\Python314\site-packages\sqlalchemy\pool\base.py:896: in __connect
    self.dbapi_connection = connection = pool._invoke_creator(self)
                                         ^^^^^^^^^^^^^^^^^^^^^^^^^^
C:\Users\sin\AppData\Roaming\Python\Python314\site-packages\sqlalchemy\engine\create.py:667: in connect
    return dialect.connect(*cargs_tup, **cparams)
           ^^^^^^^^^^^^^^^^^^^^^^^^^^^^^^^^^^^^^^
C:\Users\sin\AppData\Roaming\Python\Python314\site-packages\sqlalchemy\engine\default.py:630: in connect
    return self.loaded_dbapi.connect(*cargs, **cparams)  # type: ignore[no-any-return]  # NOQA: E501
           ^^^^^^^^^^^^^^^^^^^^^^^^^^^^^^^^^^^^^^^^^^^^
C:\Users\sin\AppData\Roaming\Python\Python314\site-packages\sqlalchemy\dialects\postgresql\asyncpg.py:955: in connect
    await_only(creator_fn(*arg, **kw)),
    ^^^^^^^^^^^^^^^^^^^^^^^^^^^^^^^^^^
C:\Users\sin\AppData\Roaming\Python\Python314\site-packages\sqlalchemy\util\_concurrency_py3k.py:132: in await_only
    return current.parent.switch(awaitable)  # type: ignore[no-any-return,attr-defined] # noqa: E501
           ^^^^^^^^^^^^^^^^^^^^^^^^^^^^^^^^
C:\Users\sin\AppData\Roaming\Python\Python314\site-packages\sqlalchemy\util\_concurrency_py3k.py:196: in greenlet_spawn
    value = await result
            ^^^^^^^^^^^^
C:\Users\sin\AppData\Roaming\Python\Python314\site-packages\asyncpg\connection.py:2443: in connect
    return await connect_utils._connect(
C:\Users\sin\AppData\Roaming\Python\Python314\site-packages\asyncpg\connect_utils.py:1218: in _connect
    conn = await _connect_addr(
C:\Users\sin\AppData\Roaming\Python\Python314\site-packages\asyncpg\connect_utils.py:1054: in _connect_addr
    return await __connect_addr(params, True, *args)
           ^^^^^^^^^^^^^^^^^^^^^^^^^^^^^^^^^^^^^^^^^
_ _ _ _ _ _ _ _ _ _ _ _ _ _ _ _ _ _ _ _ _ _ _ _ _ _ _ _ _ _ _ _ _ _ _ _ _ _ _ _

params = ConnectionParameters(user='postgres', password='123456', database='test_astock', ssl=<ssl.SSLContext object at 0x00000... 'postgres'>, server_settings=None, target_session_attrs=<SessionAttribute.any: 'any'>, krbsrvname=None, gsslib='sspi')
retry = True, addr = ('localhost', 5432)
loop = <ProactorEventLoop running=False closed=True debug=False>
config = ConnectionConfiguration(command_timeout=None, statement_cache_size=100, max_cached_statement_lifetime=300, max_cacheable_statement_size=15360)
connection_class = <class 'asyncpg.connection.Connection'>
record_class = <class 'asyncpg.protocol.record.Record'>
params_input = ConnectionParameters(user='postgres', password='123456', database='test_astock', ssl=<ssl.SSLContext object at 0x00000... 'postgres'>, server_settings=None, target_session_attrs=<SessionAttribute.any: 'any'>, krbsrvname=None, gsslib='sspi')

    async def __connect_addr(
        params,
        retry,
        addr,
        loop,
        config,
        connection_class,
        record_class,
        params_input,
    ):
        connected = _create_future(loop)
    
        proto_factory = lambda: protocol.Protocol(
            addr, connected, params, record_class, loop)
    
        if isinstance(addr, str):
            # UNIX socket
            connector = loop.create_unix_connection(proto_factory, addr)
    
        elif params.ssl and params.ssl_negotiation is SSLNegotiation.direct:
            # if ssl and ssl_negotiation is `direct`, skip STARTTLS and perform
            # direct SSL connection
            connector = loop.create_connection(
                proto_factory, *addr, ssl=params.ssl
            )
    
        elif params.ssl:
            connector = _create_ssl_connection(
                proto_factory, *addr, loop=loop, ssl_context=params.ssl,
                ssl_is_advisory=params.sslmode == SSLMode.prefer)
        else:
            connector = loop.create_connection(proto_factory, *addr)
    
        tr, pr = await connector
    
        try:
>           await connected
E           asyncpg.exceptions.ConnectionDoesNotExistError: connection was closed in the middle of operation

C:\Users\sin\AppData\Roaming\Python\Python314\site-packages\asyncpg\connect_utils.py:1102: ConnectionDoesNotExistError
---------------------------- Captured stdout call -----------------------------
2026-04-30 01:28:42 [ERROR] [-] [MainThread] [db_migrator.py:50] - [DatabaseMigrator] Database table inspection failed: connection was closed in the middle of operation
Traceback (most recent call last):
  File "C:\Python314\Lib\asyncio\windows_events.py", line 463, in finish_socket_func
    return ov.getresult()
           ~~~~~~~~~~~~^^
OSError: [WinError 64] 鎸囧畾鐨勭綉缁滃悕涓嶅啀鍙敤銆?

During handling of the above exception, another exception occurred:

Traceback (most recent call last):
  File "C:\Python314\Lib\asyncio\proactor_events.py", line 286, in _loop_reading
    length = fut.result()
  File "C:\Python314\Lib\asyncio\windows_events.py", line 804, in _poll
    value = callback(transferred, key, ov)
  File "C:\Python314\Lib\asyncio\windows_events.py", line 467, in finish_socket_func
    raise ConnectionResetError(*exc.args)
ConnectionResetError: [WinError 64] 鎸囧畾鐨勭綉缁滃悕涓嶅啀鍙敤銆?

The above exception was the direct cause of the following exception:

Traceback (most recent call last):
  File "D:\workspace\Quantitative Trading\astock_screener\data\persistence\db_migrator.py", line 41, in init_db
    async with engine.connect() as conn:
               ~~~~~~~~~~~~~~^^
  File "C:\Users\sin\AppData\Roaming\Python\Python314\site-packages\sqlalchemy\ext\asyncio\base.py", line 121, in __aenter__
    return await self.start(is_ctxmanager=True)
           ^^^^^^^^^^^^^^^^^^^^^^^^^^^^^^^^^^^^
  File "C:\Users\sin\AppData\Roaming\Python\Python314\site-packages\sqlalchemy\ext\asyncio\engine.py", line 275, in start
    await greenlet_spawn(self.sync_engine.connect)
  File "C:\Users\sin\AppData\Roaming\Python\Python314\site-packages\sqlalchemy\util\_concurrency_py3k.py", line 201, in greenlet_spawn
    result = context.throw(*sys.exc_info())
  File "C:\Users\sin\AppData\Roaming\Python\Python314\site-packages\sqlalchemy\engine\base.py", line 3293, in connect
    return self._connection_cls(self)
           ~~~~~~~~~~~~~~~~~~~~^^^^^^
  File "C:\Users\sin\AppData\Roaming\Python\Python314\site-packages\sqlalchemy\engine\base.py", line 143, in __init__
    self._dbapi_connection = engine.raw_connection()
                             ~~~~~~~~~~~~~~~~~~~~~^^
  File "C:\Users\sin\AppData\Roaming\Python\Python314\site-packages\sqlalchemy\engine\base.py", line 3317, in raw_connection
    return self.pool.connect()
           ~~~~~~~~~~~~~~~~~^^
  File "C:\Users\sin\AppData\Roaming\Python\Python314\site-packages\sqlalchemy\pool\base.py", line 448, in connect
    return _ConnectionFairy._checkout(self)
           ~~~~~~~~~~~~~~~~~~~~~~~~~~^^^^^^
  File "C:\Users\sin\AppData\Roaming\Python\Python314\site-packages\sqlalchemy\pool\base.py", line 1272, in _checkout
    fairy = _ConnectionRecord.checkout(pool)
  File "C:\Users\sin\AppData\Roaming\Python\Python314\site-packages\sqlalchemy\pool\base.py", line 712, in checkout
    rec = pool._do_get()
  File "C:\Users\sin\AppData\Roaming\Python\Python314\site-packages\sqlalchemy\pool\impl.py", line 177, in _do_get
    with util.safe_reraise():
         ~~~~~~~~~~~~~~~~~^^
  File "C:\Users\sin\AppData\Roaming\Python\Python314\site-packages\sqlalchemy\util\langhelpers.py", line 121, in __exit__
    raise exc_value.with_traceback(exc_tb)
  File "C:\Users\sin\AppData\Roaming\Python\Python314\site-packages\sqlalchemy\pool\impl.py", line 175, in _do_get
    return self._create_connection()
           ~~~~~~~~~~~~~~~~~~~~~~~^^
  File "C:\Users\sin\AppData\Roaming\Python\Python314\site-packages\sqlalchemy\pool\base.py", line 389, in _create_connection
    return _ConnectionRecord(self)
  File "C:\Users\sin\AppData\Roaming\Python\Python314\site-packages\sqlalchemy\pool\base.py", line 674, in __init__
    self.__connect()
    ~~~~~~~~~~~~~~^^
  File "C:\Users\sin\AppData\Roaming\Python\Python314\site-packages\sqlalchemy\pool\base.py", line 900, in __connect
    with util.safe_reraise():
         ~~~~~~~~~~~~~~~~~^^
  File "C:\Users\sin\AppData\Roaming\Python\Python314\site-packages\sqlalchemy\util\langhelpers.py", line 121, in __exit__
    raise exc_value.with_traceback(exc_tb)
  File "C:\Users\sin\AppData\Roaming\Python\Python314\site-packages\sqlalchemy\pool\base.py", line 896, in __connect
    self.dbapi_connection = connection = pool._invoke_creator(self)
                                         ~~~~~~~~~~~~~~~~~~~~^^^^^^
  File "C:\Users\sin\AppData\Roaming\Python\Python314\site-packages\sqlalchemy\engine\create.py", line 667, in connect
    return dialect.connect(*cargs_tup, **cparams)
           ~~~~~~~~~~~~~~~^^^^^^^^^^^^^^^^^^^^^^^
  File "C:\Users\sin\AppData\Roaming\Python\Python314\site-packages\sqlalchemy\engine\default.py", line 630, in connect
    return self.loaded_dbapi.connect(*cargs, **cparams)  # type: ignore[no-any-return]  # NOQA: E501
           ~~~~~~~~~~~~~~~~~~~~~~~~~^^^^^^^^^^^^^^^^^^^
  File "C:\Users\sin\AppData\Roaming\Python\Python314\site-packages\sqlalchemy\dialects\postgresql\asyncpg.py", line 955, in connect
    await_only(creator_fn(*arg, **kw)),
    ~~~~~~~~~~^^^^^^^^^^^^^^^^^^^^^^^^
  File "C:\Users\sin\AppData\Roaming\Python\Python314\site-packages\sqlalchemy\util\_concurrency_py3k.py", line 132, in await_only
    return current.parent.switch(awaitable)  # type: ignore[no-any-return,attr-defined] # noqa: E501
           ~~~~~~~~~~~~~~~~~~~~~^^^^^^^^^^^
  File "C:\Users\sin\AppData\Roaming\Python\Python314\site-packages\sqlalchemy\util\_concurrency_py3k.py", line 196, in greenlet_spawn
    value = await result
            ^^^^^^^^^^^^
  File "C:\Users\sin\AppData\Roaming\Python\Python314\site-packages\asyncpg\connection.py", line 2443, in connect
    return await connect_utils._connect(
           ^^^^^^^^^^^^^^^^^^^^^^^^^^^^^
    ...<22 lines>...
    )
    ^
  File "C:\Users\sin\AppData\Roaming\Python\Python314\site-packages\asyncpg\connect_utils.py", line 1218, in _connect
    conn = await _connect_addr(
           ^^^^^^^^^^^^^^^^^^^^
    ...<6 lines>...
    )
    ^
  File "C:\Users\sin\AppData\Roaming\Python\Python314\site-packages\asyncpg\connect_utils.py", line 1054, in _connect_addr
    return await __connect_addr(params, True, *args)
           ^^^^^^^^^^^^^^^^^^^^^^^^^^^^^^^^^^^^^^^^^
  File "C:\Users\sin\AppData\Roaming\Python\Python314\site-packages\asyncpg\connect_utils.py", line 1102, in __connect_addr
    await connected
asyncpg.exceptions.ConnectionDoesNotExistError: connection was closed in the middle of operation
2026-04-30 01:28:43 [ERROR] [-] [MainThread] [db_migrator.py:98] - [DatabaseMigrator] Schema upgrade failed: connection was closed in the middle of operation
Traceback (most recent call last):
  File "C:\Python314\Lib\asyncio\windows_events.py", line 463, in finish_socket_func
    return ov.getresult()
           ~~~~~~~~~~~~^^
OSError: [WinError 64] 鎸囧畾鐨勭綉缁滃悕涓嶅啀鍙敤銆?

During handling of the above exception, another exception occurred:

Traceback (most recent call last):
  File "C:\Python314\Lib\asyncio\proactor_events.py", line 286, in _loop_reading
    length = fut.result()
  File "C:\Python314\Lib\asyncio\windows_events.py", line 804, in _poll
    value = callback(transferred, key, ov)
  File "C:\Python314\Lib\asyncio\windows_events.py", line 467, in finish_socket_func
    raise ConnectionResetError(*exc.args)
ConnectionResetError: [WinError 64] 鎸囧畾鐨勭綉缁滃悕涓嶅啀鍙敤銆?

The above exception was the direct cause of the following exception:

Traceback (most recent call last):
  File "D:\workspace\Quantitative Trading\astock_screener\data\persistence\db_migrator.py", line 95, in init_db
    await ThreadPoolManager().run_async(TaskType.IO, run_alembic_upgrade)
  File "D:\workspace\Quantitative Trading\astock_screener\utils\thread_pool.py", line 191, in run_async
    return await loop.run_in_executor(executor, func, *args)
           ^^^^^^^^^^^^^^^^^^^^^^^^^^^^^^^^^^^^^^^^^^^^^^^^^
  File "C:\Python314\Lib\concurrent\futures\thread.py", line 86, in run
    result = ctx.run(self.task)
  File "C:\Python314\Lib\concurrent\futures\thread.py", line 73, in run
    return fn(*args, **kwargs)
  File "D:\workspace\Quantitative Trading\astock_screener\data\persistence\db_migrator.py", line 92, in run_alembic_upgrade
    command.upgrade(alembic_cfg, "head")
    ~~~~~~~~~~~~~~~^^^^^^^^^^^^^^^^^^^^^
  File "C:\Users\sin\AppData\Roaming\Python\Python314\site-packages\alembic\command.py", line 483, in upgrade
    script.run_env()
    ~~~~~~~~~~~~~~^^
  File "C:\Users\sin\AppData\Roaming\Python\Python314\site-packages\alembic\script\base.py", line 545, in run_env
    util.load_python_file(self.dir, "env.py")
    ~~~~~~~~~~~~~~~~~~~~~^^^^^^^^^^^^^^^^^^^^
  File "C:\Users\sin\AppData\Roaming\Python\Python314\site-packages\alembic\util\pyfiles.py", line 116, in load_python_file
    module = load_module_py(module_id, path)
  File "C:\Users\sin\AppData\Roaming\Python\Python314\site-packages\alembic\util\pyfiles.py", line 136, in load_module_py
    spec.loader.exec_module(module)  # type: ignore
    ~~~~~~~~~~~~~~~~~~~~~~~^^^^^^^^
  File "<frozen importlib._bootstrap_external>", line 759, in exec_module
  File "<frozen importlib._bootstrap>", line 491, in _call_with_frames_removed
  File "D:\workspace\Quantitative Trading\astock_screener\data\persistence\..\..\alembic\env.py", line 110, in <module>
    run_migrations_online()
    ~~~~~~~~~~~~~~~~~~~~~^^
  File "D:\workspace\Quantitative Trading\astock_screener\data\persistence\..\..\alembic\env.py", line 104, in run_migrations_online
    asyncio.run(run_async_migrations())
    ~~~~~~~~~~~^^^^^^^^^^^^^^^^^^^^^^^^
  File "C:\Python314\Lib\asyncio\runners.py", line 204, in run
    return runner.run(main)
           ~~~~~~~~~~^^^^^^
  File "C:\Python314\Lib\asyncio\runners.py", line 127, in run
    return self._loop.run_until_complete(task)
           ~~~~~~~~~~~~~~~~~~~~~~~~~~~~~^^^^^^
  File "C:\Python314\Lib\asyncio\base_events.py", line 719, in run_until_complete
    return future.result()
           ~~~~~~~~~~~~~^^
  File "D:\workspace\Quantitative Trading\astock_screener\data\persistence\..\..\alembic\env.py", line 97, in run_async_migrations
    async with connectable.connect() as connection:
               ~~~~~~~~~~~~~~~~~~~^^
  File "C:\Users\sin\AppData\Roaming\Python\Python314\site-packages\sqlalchemy\ext\asyncio\base.py", line 121, in __aenter__
    return await self.start(is_ctxmanager=True)
           ^^^^^^^^^^^^^^^^^^^^^^^^^^^^^^^^^^^^
  File "C:\Users\sin\AppData\Roaming\Python\Python314\site-packages\sqlalchemy\ext\asyncio\engine.py", line 275, in start
    await greenlet_spawn(self.sync_engine.connect)
  File "C:\Users\sin\AppData\Roaming\Python\Python314\site-packages\sqlalchemy\util\_concurrency_py3k.py", line 201, in greenlet_spawn
    result = context.throw(*sys.exc_info())
  File "C:\Users\sin\AppData\Roaming\Python\Python314\site-packages\sqlalchemy\engine\base.py", line 3293, in connect
    return self._connection_cls(self)
           ~~~~~~~~~~~~~~~~~~~~^^^^^^
  File "C:\Users\sin\AppData\Roaming\Python\Python314\site-packages\sqlalchemy\engine\base.py", line 143, in __init__
    self._dbapi_connection = engine.raw_connection()
                             ~~~~~~~~~~~~~~~~~~~~~^^
  File "C:\Users\sin\AppData\Roaming\Python\Python314\site-packages\sqlalchemy\engine\base.py", line 3317, in raw_connection
    return self.pool.connect()
           ~~~~~~~~~~~~~~~~~^^
  File "C:\Users\sin\AppData\Roaming\Python\Python314\site-packages\sqlalchemy\pool\base.py", line 448, in connect
    return _ConnectionFairy._checkout(self)
           ~~~~~~~~~~~~~~~~~~~~~~~~~~^^^^^^
  File "C:\Users\sin\AppData\Roaming\Python\Python314\site-packages\sqlalchemy\pool\base.py", line 1272, in _checkout
    fairy = _ConnectionRecord.checkout(pool)
  File "C:\Users\sin\AppData\Roaming\Python\Python314\site-packages\sqlalchemy\pool\base.py", line 712, in checkout
    rec = pool._do_get()
  File "C:\Users\sin\AppData\Roaming\Python\Python314\site-packages\sqlalchemy\pool\impl.py", line 306, in _do_get
    return self._create_connection()
           ~~~~~~~~~~~~~~~~~~~~~~~^^
  File "C:\Users\sin\AppData\Roaming\Python\Python314\site-packages\sqlalchemy\pool\base.py", line 389, in _create_connection
    return _ConnectionRecord(self)
  File "C:\Users\sin\AppData\Roaming\Python\Python314\site-packages\sqlalchemy\pool\base.py", line 674, in __init__
    self.__connect()
    ~~~~~~~~~~~~~~^^
  File "C:\Users\sin\AppData\Roaming\Python\Python314\site-packages\sqlalchemy\pool\base.py", line 900, in __connect
    with util.safe_reraise():
         ~~~~~~~~~~~~~~~~~^^
  File "C:\Users\sin\AppData\Roaming\Python\Python314\site-packages\sqlalchemy\util\langhelpers.py", line 121, in __exit__
    raise exc_value.with_traceback(exc_tb)
  File "C:\Users\sin\AppData\Roaming\Python\Python314\site-packages\sqlalchemy\pool\base.py", line 896, in __connect
    self.dbapi_connection = connection = pool._invoke_creator(self)
                                         ~~~~~~~~~~~~~~~~~~~~^^^^^^
  File "C:\Users\sin\AppData\Roaming\Python\Python314\site-packages\sqlalchemy\engine\create.py", line 667, in connect
    return dialect.connect(*cargs_tup, **cparams)
           ~~~~~~~~~~~~~~~^^^^^^^^^^^^^^^^^^^^^^^
  File "C:\Users\sin\AppData\Roaming\Python\Python314\site-packages\sqlalchemy\engine\default.py", line 630, in connect
    return self.loaded_dbapi.connect(*cargs, **cparams)  # type: ignore[no-any-return]  # NOQA: E501
           ~~~~~~~~~~~~~~~~~~~~~~~~~^^^^^^^^^^^^^^^^^^^
  File "C:\Users\sin\AppData\Roaming\Python\Python314\site-packages\sqlalchemy\dialects\postgresql\asyncpg.py", line 955, in connect
    await_only(creator_fn(*arg, **kw)),
    ~~~~~~~~~~^^^^^^^^^^^^^^^^^^^^^^^^
  File "C:\Users\sin\AppData\Roaming\Python\Python314\site-packages\sqlalchemy\util\_concurrency_py3k.py", line 132, in await_only
    return current.parent.switch(awaitable)  # type: ignore[no-any-return,attr-defined] # noqa: E501
           ~~~~~~~~~~~~~~~~~~~~~^^^^^^^^^^^
  File "C:\Users\sin\AppData\Roaming\Python\Python314\site-packages\sqlalchemy\util\_concurrency_py3k.py", line 196, in greenlet_spawn
    value = await result
            ^^^^^^^^^^^^
  File "C:\Users\sin\AppData\Roaming\Python\Python314\site-packages\asyncpg\connection.py", line 2443, in connect
    return await connect_utils._connect(
           ^^^^^^^^^^^^^^^^^^^^^^^^^^^^^
    ...<22 lines>...
    )
    ^
  File "C:\Users\sin\AppData\Roaming\Python\Python314\site-packages\asyncpg\connect_utils.py", line 1218, in _connect
    conn = await _connect_addr(
           ^^^^^^^^^^^^^^^^^^^^
    ...<6 lines>...
    )
    ^
  File "C:\Users\sin\AppData\Roaming\Python\Python314\site-packages\asyncpg\connect_utils.py", line 1054, in _connect_addr
    return await __connect_addr(params, True, *args)
           ^^^^^^^^^^^^^^^^^^^^^^^^^^^^^^^^^^^^^^^^^
  File "C:\Users\sin\AppData\Roaming\Python\Python314\site-packages\asyncpg\connect_utils.py", line 1102, in __connect_addr
    await connected
asyncpg.exceptions.ConnectionDoesNotExistError: connection was closed in the middle of operation
2026-04-30 01:28:43 [ERROR] [-] [MainThread] [cache_manager.py:257] - [CacheManager] Schema | Init failed critically: connection was closed in the middle of operation
Traceback (most recent call last):
  File "C:\Python314\Lib\asyncio\windows_events.py", line 463, in finish_socket_func
    return ov.getresult()
           ~~~~~~~~~~~~^^
OSError: [WinError 64] 鎸囧畾鐨勭綉缁滃悕涓嶅啀鍙敤銆?

During handling of the above exception, another exception occurred:

Traceback (most recent call last):
  File "C:\Python314\Lib\asyncio\proactor_events.py", line 286, in _loop_reading
    length = fut.result()
  File "C:\Python314\Lib\asyncio\windows_events.py", line 804, in _poll
    value = callback(transferred, key, ov)
  File "C:\Python314\Lib\asyncio\windows_events.py", line 467, in finish_socket_func
    raise ConnectionResetError(*exc.args)
ConnectionResetError: [WinError 64] 鎸囧畾鐨勭綉缁滃悕涓嶅啀鍙敤銆?

The above exception was the direct cause of the following exception:

Traceback (most recent call last):
  File "D:\workspace\Quantitative Trading\astock_screener\data\cache\cache_manager.py", line 252, in init_db
    await DatabaseMigrator.init_db(self.engine)
  File "D:\workspace\Quantitative Trading\astock_screener\data\persistence\db_migrator.py", line 95, in init_db
    await ThreadPoolManager().run_async(TaskType.IO, run_alembic_upgrade)
  File "D:\workspace\Quantitative Trading\astock_screener\utils\thread_pool.py", line 191, in run_async
    return await loop.run_in_executor(executor, func, *args)
           ^^^^^^^^^^^^^^^^^^^^^^^^^^^^^^^^^^^^^^^^^^^^^^^^^
  File "C:\Python314\Lib\concurrent\futures\thread.py", line 86, in run
    result = ctx.run(self.task)
  File "C:\Python314\Lib\concurrent\futures\thread.py", line 73, in run
    return fn(*args, **kwargs)
  File "D:\workspace\Quantitative Trading\astock_screener\data\persistence\db_migrator.py", line 92, in run_alembic_upgrade
    command.upgrade(alembic_cfg, "head")
    ~~~~~~~~~~~~~~~^^^^^^^^^^^^^^^^^^^^^
  File "C:\Users\sin\AppData\Roaming\Python\Python314\site-packages\alembic\command.py", line 483, in upgrade
    script.run_env()
    ~~~~~~~~~~~~~~^^
  File "C:\Users\sin\AppData\Roaming\Python\Python314\site-packages\alembic\script\base.py", line 545, in run_env
    util.load_python_file(self.dir, "env.py")
    ~~~~~~~~~~~~~~~~~~~~~^^^^^^^^^^^^^^^^^^^^
  File "C:\Users\sin\AppData\Roaming\Python\Python314\site-packages\alembic\util\pyfiles.py", line 116, in load_python_file
    module = load_module_py(module_id, path)
  File "C:\Users\sin\AppData\Roaming\Python\Python314\site-packages\alembic\util\pyfiles.py", line 136, in load_module_py
    spec.loader.exec_module(module)  # type: ignore
    ~~~~~~~~~~~~~~~~~~~~~~~^^^^^^^^
  File "<frozen importlib._bootstrap_external>", line 759, in exec_module
  File "<frozen importlib._bootstrap>", line 491, in _call_with_frames_removed
  File "D:\workspace\Quantitative Trading\astock_screener\data\persistence\..\..\alembic\env.py", line 110, in <module>
    run_migrations_online()
    ~~~~~~~~~~~~~~~~~~~~~^^
  File "D:\workspace\Quantitative Trading\astock_screener\data\persistence\..\..\alembic\env.py", line 104, in run_migrations_online
    asyncio.run(run_async_migrations())
    ~~~~~~~~~~~^^^^^^^^^^^^^^^^^^^^^^^^
  File "C:\Python314\Lib\asyncio\runners.py", line 204, in run
    return runner.run(main)
           ~~~~~~~~~~^^^^^^
  File "C:\Python314\Lib\asyncio\runners.py", line 127, in run
    return self._loop.run_until_complete(task)
           ~~~~~~~~~~~~~~~~~~~~~~~~~~~~~^^^^^^
  File "C:\Python314\Lib\asyncio\base_events.py", line 719, in run_until_complete
    return future.result()
           ~~~~~~~~~~~~~^^
  File "D:\workspace\Quantitative Trading\astock_screener\data\persistence\..\..\alembic\env.py", line 97, in run_async_migrations
    async with connectable.connect() as connection:
               ~~~~~~~~~~~~~~~~~~~^^
  File "C:\Users\sin\AppData\Roaming\Python\Python314\site-packages\sqlalchemy\ext\asyncio\base.py", line 121, in __aenter__
    return await self.start(is_ctxmanager=True)
           ^^^^^^^^^^^^^^^^^^^^^^^^^^^^^^^^^^^^
  File "C:\Users\sin\AppData\Roaming\Python\Python314\site-packages\sqlalchemy\ext\asyncio\engine.py", line 275, in start
    await greenlet_spawn(self.sync_engine.connect)
  File "C:\Users\sin\AppData\Roaming\Python\Python314\site-packages\sqlalchemy\util\_concurrency_py3k.py", line 201, in greenlet_spawn
    result = context.throw(*sys.exc_info())
  File "C:\Users\sin\AppData\Roaming\Python\Python314\site-packages\sqlalchemy\engine\base.py", line 3293, in connect
    return self._connection_cls(self)
           ~~~~~~~~~~~~~~~~~~~~^^^^^^
  File "C:\Users\sin\AppData\Roaming\Python\Python314\site-packages\sqlalchemy\engine\base.py", line 143, in __init__
    self._dbapi_connection = engine.raw_connection()
                             ~~~~~~~~~~~~~~~~~~~~~^^
  File "C:\Users\sin\AppData\Roaming\Python\Python314\site-packages\sqlalchemy\engine\base.py", line 3317, in raw_connection
    return self.pool.connect()
           ~~~~~~~~~~~~~~~~~^^
  File "C:\Users\sin\AppData\Roaming\Python\Python314\site-packages\sqlalchemy\pool\base.py", line 448, in connect
    return _ConnectionFairy._checkout(self)
           ~~~~~~~~~~~~~~~~~~~~~~~~~~^^^^^^
  File "C:\Users\sin\AppData\Roaming\Python\Python314\site-packages\sqlalchemy\pool\base.py", line 1272, in _checkout
    fairy = _ConnectionRecord.checkout(pool)
  File "C:\Users\sin\AppData\Roaming\Python\Python314\site-packages\sqlalchemy\pool\base.py", line 712, in checkout
    rec = pool._do_get()
  File "C:\Users\sin\AppData\Roaming\Python\Python314\site-packages\sqlalchemy\pool\impl.py", line 306, in _do_get
    return self._create_connection()
           ~~~~~~~~~~~~~~~~~~~~~~~^^
  File "C:\Users\sin\AppData\Roaming\Python\Python314\site-packages\sqlalchemy\pool\base.py", line 389, in _create_connection
    return _ConnectionRecord(self)
  File "C:\Users\sin\AppData\Roaming\Python\Python314\site-packages\sqlalchemy\pool\base.py", line 674, in __init__
    self.__connect()
    ~~~~~~~~~~~~~~^^
  File "C:\Users\sin\AppData\Roaming\Python\Python314\site-packages\sqlalchemy\pool\base.py", line 900, in __connect
    with util.safe_reraise():
         ~~~~~~~~~~~~~~~~~^^
  File "C:\Users\sin\AppData\Roaming\Python\Python314\site-packages\sqlalchemy\util\langhelpers.py", line 121, in __exit__
    raise exc_value.with_traceback(exc_tb)
  File "C:\Users\sin\AppData\Roaming\Python\Python314\site-packages\sqlalchemy\pool\base.py", line 896, in __connect
    self.dbapi_connection = connection = pool._invoke_creator(self)
                                         ~~~~~~~~~~~~~~~~~~~~^^^^^^
  File "C:\Users\sin\AppData\Roaming\Python\Python314\site-packages\sqlalchemy\engine\create.py", line 667, in connect
    return dialect.connect(*cargs_tup, **cparams)
           ~~~~~~~~~~~~~~~^^^^^^^^^^^^^^^^^^^^^^^
  File "C:\Users\sin\AppData\Roaming\Python\Python314\site-packages\sqlalchemy\engine\default.py", line 630, in connect
    return self.loaded_dbapi.connect(*cargs, **cparams)  # type: ignore[no-any-return]  # NOQA: E501
           ~~~~~~~~~~~~~~~~~~~~~~~~~^^^^^^^^^^^^^^^^^^^
  File "C:\Users\sin\AppData\Roaming\Python\Python314\site-packages\sqlalchemy\dialects\postgresql\asyncpg.py", line 955, in connect
    await_only(creator_fn(*arg, **kw)),
    ~~~~~~~~~~^^^^^^^^^^^^^^^^^^^^^^^^
  File "C:\Users\sin\AppData\Roaming\Python\Python314\site-packages\sqlalchemy\util\_concurrency_py3k.py", line 132, in await_only
    return current.parent.switch(awaitable)  # type: ignore[no-any-return,attr-defined] # noqa: E501
           ~~~~~~~~~~~~~~~~~~~~~^^^^^^^^^^^
  File "C:\Users\sin\AppData\Roaming\Python\Python314\site-packages\sqlalchemy\util\_concurrency_py3k.py", line 196, in greenlet_spawn
    value = await result
            ^^^^^^^^^^^^
  File "C:\Users\sin\AppData\Roaming\Python\Python314\site-packages\asyncpg\connection.py", line 2443, in connect
    return await connect_utils._connect(
           ^^^^^^^^^^^^^^^^^^^^^^^^^^^^^
    ...<22 lines>...
    )
    ^
  File "C:\Users\sin\AppData\Roaming\Python\Python314\site-packages\asyncpg\connect_utils.py", line 1218, in _connect
    conn = await _connect_addr(
           ^^^^^^^^^^^^^^^^^^^^
    ...<6 lines>...
    )
    ^
  File "C:\Users\sin\AppData\Roaming\Python\Python314\site-packages\asyncpg\connect_utils.py", line 1054, in _connect_addr
    return await __connect_addr(params, True, *args)
           ^^^^^^^^^^^^^^^^^^^^^^^^^^^^^^^^^^^^^^^^^
  File "C:\Users\sin\AppData\Roaming\Python\Python314\site-packages\asyncpg\connect_utils.py", line 1102, in __connect_addr
    await connected
asyncpg.exceptions.ConnectionDoesNotExistError: connection was closed in the middle of operation
------------------------------ Captured log call ------------------------------
ERROR    data.persistence.db_migrator:db_migrator.py:50 [DatabaseMigrator] Database table inspection failed: connection was closed in the middle of operation
Traceback (most recent call last):
  File "C:\Python314\Lib\asyncio\windows_events.py", line 463, in finish_socket_func
    return ov.getresult()
           ~~~~~~~~~~~~^^
OSError: [WinError 64] 鎸囧畾鐨勭綉缁滃悕涓嶅啀鍙敤銆?

During handling of the above exception, another exception occurred:

Traceback (most recent call last):
  File "C:\Python314\Lib\asyncio\proactor_events.py", line 286, in _loop_reading
    length = fut.result()
  File "C:\Python314\Lib\asyncio\windows_events.py", line 804, in _poll
    value = callback(transferred, key, ov)
  File "C:\Python314\Lib\asyncio\windows_events.py", line 467, in finish_socket_func
    raise ConnectionResetError(*exc.args)
ConnectionResetError: [WinError 64] 鎸囧畾鐨勭綉缁滃悕涓嶅啀鍙敤銆?

The above exception was the direct cause of the following exception:

Traceback (most recent call last):
  File "D:\workspace\Quantitative Trading\astock_screener\data\persistence\db_migrator.py", line 41, in init_db
    async with engine.connect() as conn:
               ~~~~~~~~~~~~~~^^
  File "C:\Users\sin\AppData\Roaming\Python\Python314\site-packages\sqlalchemy\ext\asyncio\base.py", line 121, in __aenter__
    return await self.start(is_ctxmanager=True)
           ^^^^^^^^^^^^^^^^^^^^^^^^^^^^^^^^^^^^
  File "C:\Users\sin\AppData\Roaming\Python\Python314\site-packages\sqlalchemy\ext\asyncio\engine.py", line 275, in start
    await greenlet_spawn(self.sync_engine.connect)
  File "C:\Users\sin\AppData\Roaming\Python\Python314\site-packages\sqlalchemy\util\_concurrency_py3k.py", line 201, in greenlet_spawn
    result = context.throw(*sys.exc_info())
  File "C:\Users\sin\AppData\Roaming\Python\Python314\site-packages\sqlalchemy\engine\base.py", line 3293, in connect
    return self._connection_cls(self)
           ~~~~~~~~~~~~~~~~~~~~^^^^^^
  File "C:\Users\sin\AppData\Roaming\Python\Python314\site-packages\sqlalchemy\engine\base.py", line 143, in __init__
    self._dbapi_connection = engine.raw_connection()
                             ~~~~~~~~~~~~~~~~~~~~~^^
  File "C:\Users\sin\AppData\Roaming\Python\Python314\site-packages\sqlalchemy\engine\base.py", line 3317, in raw_connection
    return self.pool.connect()
           ~~~~~~~~~~~~~~~~~^^
  File "C:\Users\sin\AppData\Roaming\Python\Python314\site-packages\sqlalchemy\pool\base.py", line 448, in connect
    return _ConnectionFairy._checkout(self)
           ~~~~~~~~~~~~~~~~~~~~~~~~~~^^^^^^
  File "C:\Users\sin\AppData\Roaming\Python\Python314\site-packages\sqlalchemy\pool\base.py", line 1272, in _checkout
    fairy = _ConnectionRecord.checkout(pool)
  File "C:\Users\sin\AppData\Roaming\Python\Python314\site-packages\sqlalchemy\pool\base.py", line 712, in checkout
    rec = pool._do_get()
  File "C:\Users\sin\AppData\Roaming\Python\Python314\site-packages\sqlalchemy\pool\impl.py", line 177, in _do_get
    with util.safe_reraise():
         ~~~~~~~~~~~~~~~~~^^
  File "C:\Users\sin\AppData\Roaming\Python\Python314\site-packages\sqlalchemy\util\langhelpers.py", line 121, in __exit__
    raise exc_value.with_traceback(exc_tb)
  File "C:\Users\sin\AppData\Roaming\Python\Python314\site-packages\sqlalchemy\pool\impl.py", line 175, in _do_get
    return self._create_connection()
           ~~~~~~~~~~~~~~~~~~~~~~~^^
  File "C:\Users\sin\AppData\Roaming\Python\Python314\site-packages\sqlalchemy\pool\base.py", line 389, in _create_connection
    return _ConnectionRecord(self)
  File "C:\Users\sin\AppData\Roaming\Python\Python314\site-packages\sqlalchemy\pool\base.py", line 674, in __init__
    self.__connect()
    ~~~~~~~~~~~~~~^^
  File "C:\Users\sin\AppData\Roaming\Python\Python314\site-packages\sqlalchemy\pool\base.py", line 900, in __connect
    with util.safe_reraise():
         ~~~~~~~~~~~~~~~~~^^
  File "C:\Users\sin\AppData\Roaming\Python\Python314\site-packages\sqlalchemy\util\langhelpers.py", line 121, in __exit__
    raise exc_value.with_traceback(exc_tb)
  File "C:\Users\sin\AppData\Roaming\Python\Python314\site-packages\sqlalchemy\pool\base.py", line 896, in __connect
    self.dbapi_connection = connection = pool._invoke_creator(self)
                                         ~~~~~~~~~~~~~~~~~~~~^^^^^^
  File "C:\Users\sin\AppData\Roaming\Python\Python314\site-packages\sqlalchemy\engine\create.py", line 667, in connect
    return dialect.connect(*cargs_tup, **cparams)
           ~~~~~~~~~~~~~~~^^^^^^^^^^^^^^^^^^^^^^^
  File "C:\Users\sin\AppData\Roaming\Python\Python314\site-packages\sqlalchemy\engine\default.py", line 630, in connect
    return self.loaded_dbapi.connect(*cargs, **cparams)  # type: ignore[no-any-return]  # NOQA: E501
           ~~~~~~~~~~~~~~~~~~~~~~~~~^^^^^^^^^^^^^^^^^^^
  File "C:\Users\sin\AppData\Roaming\Python\Python314\site-packages\sqlalchemy\dialects\postgresql\asyncpg.py", line 955, in connect
    await_only(creator_fn(*arg, **kw)),
    ~~~~~~~~~~^^^^^^^^^^^^^^^^^^^^^^^^
  File "C:\Users\sin\AppData\Roaming\Python\Python314\site-packages\sqlalchemy\util\_concurrency_py3k.py", line 132, in await_only
    return current.parent.switch(awaitable)  # type: ignore[no-any-return,attr-defined] # noqa: E501
           ~~~~~~~~~~~~~~~~~~~~~^^^^^^^^^^^
  File "C:\Users\sin\AppData\Roaming\Python\Python314\site-packages\sqlalchemy\util\_concurrency_py3k.py", line 196, in greenlet_spawn
    value = await result
            ^^^^^^^^^^^^
  File "C:\Users\sin\AppData\Roaming\Python\Python314\site-packages\asyncpg\connection.py", line 2443, in connect
    return await connect_utils._connect(
           ^^^^^^^^^^^^^^^^^^^^^^^^^^^^^
    ...<22 lines>...
    )
    ^
  File "C:\Users\sin\AppData\Roaming\Python\Python314\site-packages\asyncpg\connect_utils.py", line 1218, in _connect
    conn = await _connect_addr(
           ^^^^^^^^^^^^^^^^^^^^
    ...<6 lines>...
    )
    ^
  File "C:\Users\sin\AppData\Roaming\Python\Python314\site-packages\asyncpg\connect_utils.py", line 1054, in _connect_addr
    return await __connect_addr(params, True, *args)
           ^^^^^^^^^^^^^^^^^^^^^^^^^^^^^^^^^^^^^^^^^
  File "C:\Users\sin\AppData\Roaming\Python\Python314\site-packages\asyncpg\connect_utils.py", line 1102, in __connect_addr
    await connected
asyncpg.exceptions.ConnectionDoesNotExistError: connection was closed in the middle of operation
ERROR    data.persistence.db_migrator:db_migrator.py:98 [DatabaseMigrator] Schema upgrade failed: connection was closed in the middle of operation
Traceback (most recent call last):
  File "C:\Python314\Lib\asyncio\windows_events.py", line 463, in finish_socket_func
    return ov.getresult()
           ~~~~~~~~~~~~^^
OSError: [WinError 64] 鎸囧畾鐨勭綉缁滃悕涓嶅啀鍙敤銆?

During handling of the above exception, another exception occurred:

Traceback (most recent call last):
  File "C:\Python314\Lib\asyncio\proactor_events.py", line 286, in _loop_reading
    length = fut.result()
  File "C:\Python314\Lib\asyncio\windows_events.py", line 804, in _poll
    value = callback(transferred, key, ov)
  File "C:\Python314\Lib\asyncio\windows_events.py", line 467, in finish_socket_func
    raise ConnectionResetError(*exc.args)
ConnectionResetError: [WinError 64] 鎸囧畾鐨勭綉缁滃悕涓嶅啀鍙敤銆?

The above exception was the direct cause of the following exception:

Traceback (most recent call last):
  File "D:\workspace\Quantitative Trading\astock_screener\data\persistence\db_migrator.py", line 95, in init_db
    await ThreadPoolManager().run_async(TaskType.IO, run_alembic_upgrade)
  File "D:\workspace\Quantitative Trading\astock_screener\utils\thread_pool.py", line 191, in run_async
    return await loop.run_in_executor(executor, func, *args)
           ^^^^^^^^^^^^^^^^^^^^^^^^^^^^^^^^^^^^^^^^^^^^^^^^^
  File "C:\Python314\Lib\concurrent\futures\thread.py", line 86, in run
    result = ctx.run(self.task)
  File "C:\Python314\Lib\concurrent\futures\thread.py", line 73, in run
    return fn(*args, **kwargs)
  File "D:\workspace\Quantitative Trading\astock_screener\data\persistence\db_migrator.py", line 92, in run_alembic_upgrade
    command.upgrade(alembic_cfg, "head")
    ~~~~~~~~~~~~~~~^^^^^^^^^^^^^^^^^^^^^
  File "C:\Users\sin\AppData\Roaming\Python\Python314\site-packages\alembic\command.py", line 483, in upgrade
    script.run_env()
    ~~~~~~~~~~~~~~^^
  File "C:\Users\sin\AppData\Roaming\Python\Python314\site-packages\alembic\script\base.py", line 545, in run_env
    util.load_python_file(self.dir, "env.py")
    ~~~~~~~~~~~~~~~~~~~~~^^^^^^^^^^^^^^^^^^^^
  File "C:\Users\sin\AppData\Roaming\Python\Python314\site-packages\alembic\util\pyfiles.py", line 116, in load_python_file
    module = load_module_py(module_id, path)
  File "C:\Users\sin\AppData\Roaming\Python\Python314\site-packages\alembic\util\pyfiles.py", line 136, in load_module_py
    spec.loader.exec_module(module)  # type: ignore
    ~~~~~~~~~~~~~~~~~~~~~~~^^^^^^^^
  File "<frozen importlib._bootstrap_external>", line 759, in exec_module
  File "<frozen importlib._bootstrap>", line 491, in _call_with_frames_removed
  File "D:\workspace\Quantitative Trading\astock_screener\data\persistence\..\..\alembic\env.py", line 110, in <module>
    run_migrations_online()
    ~~~~~~~~~~~~~~~~~~~~~^^
  File "D:\workspace\Quantitative Trading\astock_screener\data\persistence\..\..\alembic\env.py", line 104, in run_migrations_online
    asyncio.run(run_async_migrations())
    ~~~~~~~~~~~^^^^^^^^^^^^^^^^^^^^^^^^
  File "C:\Python314\Lib\asyncio\runners.py", line 204, in run
    return runner.run(main)
           ~~~~~~~~~~^^^^^^
  File "C:\Python314\Lib\asyncio\runners.py", line 127, in run
    return self._loop.run_until_complete(task)
           ~~~~~~~~~~~~~~~~~~~~~~~~~~~~~^^^^^^
  File "C:\Python314\Lib\asyncio\base_events.py", line 719, in run_until_complete
    return future.result()
           ~~~~~~~~~~~~~^^
  File "D:\workspace\Quantitative Trading\astock_screener\data\persistence\..\..\alembic\env.py", line 97, in run_async_migrations
    async with connectable.connect() as connection:
               ~~~~~~~~~~~~~~~~~~~^^
  File "C:\Users\sin\AppData\Roaming\Python\Python314\site-packages\sqlalchemy\ext\asyncio\base.py", line 121, in __aenter__
    return await self.start(is_ctxmanager=True)
           ^^^^^^^^^^^^^^^^^^^^^^^^^^^^^^^^^^^^
  File "C:\Users\sin\AppData\Roaming\Python\Python314\site-packages\sqlalchemy\ext\asyncio\engine.py", line 275, in start
    await greenlet_spawn(self.sync_engine.connect)
  File "C:\Users\sin\AppData\Roaming\Python\Python314\site-packages\sqlalchemy\util\_concurrency_py3k.py", line 201, in greenlet_spawn
    result = context.throw(*sys.exc_info())
  File "C:\Users\sin\AppData\Roaming\Python\Python314\site-packages\sqlalchemy\engine\base.py", line 3293, in connect
    return self._connection_cls(self)
           ~~~~~~~~~~~~~~~~~~~~^^^^^^
  File "C:\Users\sin\AppData\Roaming\Python\Python314\site-packages\sqlalchemy\engine\base.py", line 143, in __init__
    self._dbapi_connection = engine.raw_connection()
                             ~~~~~~~~~~~~~~~~~~~~~^^
  File "C:\Users\sin\AppData\Roaming\Python\Python314\site-packages\sqlalchemy\engine\base.py", line 3317, in raw_connection
    return self.pool.connect()
           ~~~~~~~~~~~~~~~~~^^
  File "C:\Users\sin\AppData\Roaming\Python\Python314\site-packages\sqlalchemy\pool\base.py", line 448, in connect
    return _ConnectionFairy._checkout(self)
           ~~~~~~~~~~~~~~~~~~~~~~~~~~^^^^^^
  File "C:\Users\sin\AppData\Roaming\Python\Python314\site-packages\sqlalchemy\pool\base.py", line 1272, in _checkout
    fairy = _ConnectionRecord.checkout(pool)
  File "C:\Users\sin\AppData\Roaming\Python\Python314\site-packages\sqlalchemy\pool\base.py", line 712, in checkout
    rec = pool._do_get()
  File "C:\Users\sin\AppData\Roaming\Python\Python314\site-packages\sqlalchemy\pool\impl.py", line 306, in _do_get
    return self._create_connection()
           ~~~~~~~~~~~~~~~~~~~~~~~^^
  File "C:\Users\sin\AppData\Roaming\Python\Python314\site-packages\sqlalchemy\pool\base.py", line 389, in _create_connection
    return _ConnectionRecord(self)
  File "C:\Users\sin\AppData\Roaming\Python\Python314\site-packages\sqlalchemy\pool\base.py", line 674, in __init__
    self.__connect()
    ~~~~~~~~~~~~~~^^
  File "C:\Users\sin\AppData\Roaming\Python\Python314\site-packages\sqlalchemy\pool\base.py", line 900, in __connect
    with util.safe_reraise():
         ~~~~~~~~~~~~~~~~~^^
  File "C:\Users\sin\AppData\Roaming\Python\Python314\site-packages\sqlalchemy\util\langhelpers.py", line 121, in __exit__
    raise exc_value.with_traceback(exc_tb)
  File "C:\Users\sin\AppData\Roaming\Python\Python314\site-packages\sqlalchemy\pool\base.py", line 896, in __connect
    self.dbapi_connection = connection = pool._invoke_creator(self)
                                         ~~~~~~~~~~~~~~~~~~~~^^^^^^
  File "C:\Users\sin\AppData\Roaming\Python\Python314\site-packages\sqlalchemy\engine\create.py", line 667, in connect
    return dialect.connect(*cargs_tup, **cparams)
           ~~~~~~~~~~~~~~~^^^^^^^^^^^^^^^^^^^^^^^
  File "C:\Users\sin\AppData\Roaming\Python\Python314\site-packages\sqlalchemy\engine\default.py", line 630, in connect
    return self.loaded_dbapi.connect(*cargs, **cparams)  # type: ignore[no-any-return]  # NOQA: E501
           ~~~~~~~~~~~~~~~~~~~~~~~~~^^^^^^^^^^^^^^^^^^^
  File "C:\Users\sin\AppData\Roaming\Python\Python314\site-packages\sqlalchemy\dialects\postgresql\asyncpg.py", line 955, in connect
    await_only(creator_fn(*arg, **kw)),
    ~~~~~~~~~~^^^^^^^^^^^^^^^^^^^^^^^^
  File "C:\Users\sin\AppData\Roaming\Python\Python314\site-packages\sqlalchemy\util\_concurrency_py3k.py", line 132, in await_only
    return current.parent.switch(awaitable)  # type: ignore[no-any-return,attr-defined] # noqa: E501
           ~~~~~~~~~~~~~~~~~~~~~^^^^^^^^^^^
  File "C:\Users\sin\AppData\Roaming\Python\Python314\site-packages\sqlalchemy\util\_concurrency_py3k.py", line 196, in greenlet_spawn
    value = await result
            ^^^^^^^^^^^^
  File "C:\Users\sin\AppData\Roaming\Python\Python314\site-packages\asyncpg\connection.py", line 2443, in connect
    return await connect_utils._connect(
           ^^^^^^^^^^^^^^^^^^^^^^^^^^^^^
    ...<22 lines>...
    )
    ^
  File "C:\Users\sin\AppData\Roaming\Python\Python314\site-packages\asyncpg\connect_utils.py", line 1218, in _connect
    conn = await _connect_addr(
           ^^^^^^^^^^^^^^^^^^^^
    ...<6 lines>...
    )
    ^
  File "C:\Users\sin\AppData\Roaming\Python\Python314\site-packages\asyncpg\connect_utils.py", line 1054, in _connect_addr
    return await __connect_addr(params, True, *args)
           ^^^^^^^^^^^^^^^^^^^^^^^^^^^^^^^^^^^^^^^^^
  File "C:\Users\sin\AppData\Roaming\Python\Python314\site-packages\asyncpg\connect_utils.py", line 1102, in __connect_addr
    await connected
asyncpg.exceptions.ConnectionDoesNotExistError: connection was closed in the middle of operation
ERROR    data.cache.cache_manager:cache_manager.py:257 [CacheManager] Schema | Init failed critically: connection was closed in the middle of operation
Traceback (most recent call last):
  File "C:\Python314\Lib\asyncio\windows_events.py", line 463, in finish_socket_func
    return ov.getresult()
           ~~~~~~~~~~~~^^
OSError: [WinError 64] 鎸囧畾鐨勭綉缁滃悕涓嶅啀鍙敤銆?

During handling of the above exception, another exception occurred:

Traceback (most recent call last):
  File "C:\Python314\Lib\asyncio\proactor_events.py", line 286, in _loop_reading
    length = fut.result()
  File "C:\Python314\Lib\asyncio\windows_events.py", line 804, in _poll
    value = callback(transferred, key, ov)
  File "C:\Python314\Lib\asyncio\windows_events.py", line 467, in finish_socket_func
    raise ConnectionResetError(*exc.args)
ConnectionResetError: [WinError 64] 鎸囧畾鐨勭綉缁滃悕涓嶅啀鍙敤銆?

The above exception was the direct cause of the following exception:

Traceback (most recent call last):
  File "D:\workspace\Quantitative Trading\astock_screener\data\cache\cache_manager.py", line 252, in init_db
    await DatabaseMigrator.init_db(self.engine)
  File "D:\workspace\Quantitative Trading\astock_screener\data\persistence\db_migrator.py", line 95, in init_db
    await ThreadPoolManager().run_async(TaskType.IO, run_alembic_upgrade)
  File "D:\workspace\Quantitative Trading\astock_screener\utils\thread_pool.py", line 191, in run_async
    return await loop.run_in_executor(executor, func, *args)
           ^^^^^^^^^^^^^^^^^^^^^^^^^^^^^^^^^^^^^^^^^^^^^^^^^
  File "C:\Python314\Lib\concurrent\futures\thread.py", line 86, in run
    result = ctx.run(self.task)
  File "C:\Python314\Lib\concurrent\futures\thread.py", line 73, in run
    return fn(*args, **kwargs)
  File "D:\workspace\Quantitative Trading\astock_screener\data\persistence\db_migrator.py", line 92, in run_alembic_upgrade
    command.upgrade(alembic_cfg, "head")
    ~~~~~~~~~~~~~~~^^^^^^^^^^^^^^^^^^^^^
  File "C:\Users\sin\AppData\Roaming\Python\Python314\site-packages\alembic\command.py", line 483, in upgrade
    script.run_env()
    ~~~~~~~~~~~~~~^^
  File "C:\Users\sin\AppData\Roaming\Python\Python314\site-packages\alembic\script\base.py", line 545, in run_env
    util.load_python_file(self.dir, "env.py")
    ~~~~~~~~~~~~~~~~~~~~~^^^^^^^^^^^^^^^^^^^^
  File "C:\Users\sin\AppData\Roaming\Python\Python314\site-packages\alembic\util\pyfiles.py", line 116, in load_python_file
    module = load_module_py(module_id, path)
  File "C:\Users\sin\AppData\Roaming\Python\Python314\site-packages\alembic\util\pyfiles.py", line 136, in load_module_py
    spec.loader.exec_module(module)  # type: ignore
    ~~~~~~~~~~~~~~~~~~~~~~~^^^^^^^^
  File "<frozen importlib._bootstrap_external>", line 759, in exec_module
  File "<frozen importlib._bootstrap>", line 491, in _call_with_frames_removed
  File "D:\workspace\Quantitative Trading\astock_screener\data\persistence\..\..\alembic\env.py", line 110, in <module>
    run_migrations_online()
    ~~~~~~~~~~~~~~~~~~~~~^^
  File "D:\workspace\Quantitative Trading\astock_screener\data\persistence\..\..\alembic\env.py", line 104, in run_migrations_online
    asyncio.run(run_async_migrations())
    ~~~~~~~~~~~^^^^^^^^^^^^^^^^^^^^^^^^
  File "C:\Python314\Lib\asyncio\runners.py", line 204, in run
    return runner.run(main)
           ~~~~~~~~~~^^^^^^
  File "C:\Python314\Lib\asyncio\runners.py", line 127, in run
    return self._loop.run_until_complete(task)
           ~~~~~~~~~~~~~~~~~~~~~~~~~~~~~^^^^^^
  File "C:\Python314\Lib\asyncio\base_events.py", line 719, in run_until_complete
    return future.result()
           ~~~~~~~~~~~~~^^
  File "D:\workspace\Quantitative Trading\astock_screener\data\persistence\..\..\alembic\env.py", line 97, in run_async_migrations
    async with connectable.connect() as connection:
               ~~~~~~~~~~~~~~~~~~~^^
  File "C:\Users\sin\AppData\Roaming\Python\Python314\site-packages\sqlalchemy\ext\asyncio\base.py", line 121, in __aenter__
    return await self.start(is_ctxmanager=True)
           ^^^^^^^^^^^^^^^^^^^^^^^^^^^^^^^^^^^^
  File "C:\Users\sin\AppData\Roaming\Python\Python314\site-packages\sqlalchemy\ext\asyncio\engine.py", line 275, in start
    await greenlet_spawn(self.sync_engine.connect)
  File "C:\Users\sin\AppData\Roaming\Python\Python314\site-packages\sqlalchemy\util\_concurrency_py3k.py", line 201, in greenlet_spawn
    result = context.throw(*sys.exc_info())
  File "C:\Users\sin\AppData\Roaming\Python\Python314\site-packages\sqlalchemy\engine\base.py", line 3293, in connect
    return self._connection_cls(self)
           ~~~~~~~~~~~~~~~~~~~~^^^^^^
  File "C:\Users\sin\AppData\Roaming\Python\Python314\site-packages\sqlalchemy\engine\base.py", line 143, in __init__
    self._dbapi_connection = engine.raw_connection()
                             ~~~~~~~~~~~~~~~~~~~~~^^
  File "C:\Users\sin\AppData\Roaming\Python\Python314\site-packages\sqlalchemy\engine\base.py", line 3317, in raw_connection
    return self.pool.connect()
           ~~~~~~~~~~~~~~~~~^^
  File "C:\Users\sin\AppData\Roaming\Python\Python314\site-packages\sqlalchemy\pool\base.py", line 448, in connect
    return _ConnectionFairy._checkout(self)
           ~~~~~~~~~~~~~~~~~~~~~~~~~~^^^^^^
  File "C:\Users\sin\AppData\Roaming\Python\Python314\site-packages\sqlalchemy\pool\base.py", line 1272, in _checkout
    fairy = _ConnectionRecord.checkout(pool)
  File "C:\Users\sin\AppData\Roaming\Python\Python314\site-packages\sqlalchemy\pool\base.py", line 712, in checkout
    rec = pool._do_get()
  File "C:\Users\sin\AppData\Roaming\Python\Python314\site-packages\sqlalchemy\pool\impl.py", line 306, in _do_get
    return self._create_connection()
           ~~~~~~~~~~~~~~~~~~~~~~~^^
  File "C:\Users\sin\AppData\Roaming\Python\Python314\site-packages\sqlalchemy\pool\base.py", line 389, in _create_connection
    return _ConnectionRecord(self)
  File "C:\Users\sin\AppData\Roaming\Python\Python314\site-packages\sqlalchemy\pool\base.py", line 674, in __init__
    self.__connect()
    ~~~~~~~~~~~~~~^^
  File "C:\Users\sin\AppData\Roaming\Python\Python314\site-packages\sqlalchemy\pool\base.py", line 900, in __connect
    with util.safe_reraise():
         ~~~~~~~~~~~~~~~~~^^
  File "C:\Users\sin\AppData\Roaming\Python\Python314\site-packages\sqlalchemy\util\langhelpers.py", line 121, in __exit__
    raise exc_value.with_traceback(exc_tb)
  File "C:\Users\sin\AppData\Roaming\Python\Python314\site-packages\sqlalchemy\pool\base.py", line 896, in __connect
    self.dbapi_connection = connection = pool._invoke_creator(self)
                                         ~~~~~~~~~~~~~~~~~~~~^^^^^^
  File "C:\Users\sin\AppData\Roaming\Python\Python314\site-packages\sqlalchemy\engine\create.py", line 667, in connect
    return dialect.connect(*cargs_tup, **cparams)
           ~~~~~~~~~~~~~~~^^^^^^^^^^^^^^^^^^^^^^^
  File "C:\Users\sin\AppData\Roaming\Python\Python314\site-packages\sqlalchemy\engine\default.py", line 630, in connect
    return self.loaded_dbapi.connect(*cargs, **cparams)  # type: ignore[no-any-return]  # NOQA: E501
           ~~~~~~~~~~~~~~~~~~~~~~~~~^^^^^^^^^^^^^^^^^^^
  File "C:\Users\sin\AppData\Roaming\Python\Python314\site-packages\sqlalchemy\dialects\postgresql\asyncpg.py", line 955, in connect
    await_only(creator_fn(*arg, **kw)),
    ~~~~~~~~~~^^^^^^^^^^^^^^^^^^^^^^^^
  File "C:\Users\sin\AppData\Roaming\Python\Python314\site-packages\sqlalchemy\util\_concurrency_py3k.py", line 132, in await_only
    return current.parent.switch(awaitable)  # type: ignore[no-any-return,attr-defined] # noqa: E501
           ~~~~~~~~~~~~~~~~~~~~~^^^^^^^^^^^
  File "C:\Users\sin\AppData\Roaming\Python\Python314\site-packages\sqlalchemy\util\_concurrency_py3k.py", line 196, in greenlet_spawn
    value = await result
            ^^^^^^^^^^^^
  File "C:\Users\sin\AppData\Roaming\Python\Python314\site-packages\asyncpg\connection.py", line 2443, in connect
    return await connect_utils._connect(
           ^^^^^^^^^^^^^^^^^^^^^^^^^^^^^
    ...<22 lines>...
    )
    ^
  File "C:\Users\sin\AppData\Roaming\Python\Python314\site-packages\asyncpg\connect_utils.py", line 1218, in _connect
    conn = await _connect_addr(
           ^^^^^^^^^^^^^^^^^^^^
    ...<6 lines>...
    )
    ^
  File "C:\Users\sin\AppData\Roaming\Python\Python314\site-packages\asyncpg\connect_utils.py", line 1054, in _connect_addr
    return await __connect_addr(params, True, *args)
           ^^^^^^^^^^^^^^^^^^^^^^^^^^^^^^^^^^^^^^^^^
  File "C:\Users\sin\AppData\Roaming\Python\Python314\site-packages\asyncpg\connect_utils.py", line 1102, in __connect_addr
    await connected
python : C:\Users\sin\AppData\Roaming\Python\Python314\site-packages\_pytest\un
raisableexception.py:33: RuntimeWarning: coroutine 'TaskManager._clear_finished
_db' was never awaited
所在位置 行:1 字符: 1
+ python -m pytest tests/ > pytest_output.txt 2>&1
+ ~~~~~~~~~~~~~~~~~~~~~~~~~~~~~~~~~~~~~~~~~~~~~~~~
    + CategoryInfo          : NotSpecified: (C:\Users\sin\Ap...s never awaited 
   :String) [], RemoteException
    + FullyQualifiedErrorId : NativeCommandError
 
  gc.collect()
RuntimeWarning: Enable tracemalloc to get the object allocation traceback
asyncpg.exceptions.ConnectionDoesNotExistError: connection was closed in the middle of operation
______________ TestClassifyError.test_classify_json_decode_error ______________

self = <tests.test_onboarding_wizard.TestClassifyError object at 0x00000214A283EAD0>

    def test_classify_json_decode_error(self):
        """Test that JSONDecodeError is classified correctly"""
        import json
    
>       from ui.i18n import classify_error
E       ImportError: cannot import name 'classify_error' from 'ui.i18n' (D:\workspace\Quantitative Trading\astock_screener\ui\i18n.py)

tests\test_onboarding_wizard.py:540: ImportError
____________ TestClassifyError.test_classify_file_not_found_error _____________

self = <tests.test_onboarding_wizard.TestClassifyError object at 0x00000214A283EC10>

    def test_classify_file_not_found_error(self):
        """Test that FileNotFoundError is classified correctly"""
>       from ui.i18n import classify_error
E       ImportError: cannot import name 'classify_error' from 'ui.i18n' (D:\workspace\Quantitative Trading\astock_screener\ui\i18n.py)

tests\test_onboarding_wizard.py:550: ImportError
______________ TestClassifyError.test_classify_permission_error _______________

self = <tests.test_onboarding_wizard.TestClassifyError object at 0x00000214A287E060>

    def test_classify_permission_error(self):
        """Test that PermissionError is classified correctly"""
>       from ui.i18n import classify_error
E       ImportError: cannot import name 'classify_error' from 'ui.i18n' (D:\workspace\Quantitative Trading\astock_screener\ui\i18n.py)

tests\test_onboarding_wizard.py:558: ImportError
_____________ TestClassifyError.test_classify_os_error_disk_space _____________

self = <tests.test_onboarding_wizard.TestClassifyError object at 0x00000214A287E190>

    def test_classify_os_error_disk_space(self):
        """Test that OSError with disk space is classified correctly"""
>       from ui.i18n import classify_error
E       ImportError: cannot import name 'classify_error' from 'ui.i18n' (D:\workspace\Quantitative Trading\astock_screener\ui\i18n.py)

tests\test_onboarding_wizard.py:566: ImportError
________________ TestClassifyError.test_classify_timeout_error ________________

self = <tests.test_onboarding_wizard.TestClassifyError object at 0x00000214A28C85F0>

    def test_classify_timeout_error(self):
        """Test that timeout errors are classified correctly"""
>       from ui.i18n import classify_error
E       ImportError: cannot import name 'classify_error' from 'ui.i18n' (D:\workspace\Quantitative Trading\astock_screener\ui\i18n.py)

tests\test_onboarding_wizard.py:574: ImportError
============================== warnings summary ===============================
C:\Users\sin\AppData\Roaming\Python\Python314\site-packages\_pytest\config\__init__.py:1428
  C:\Users\sin\AppData\Roaming\Python\Python314\site-packages\_pytest\config\__init__.py:1428: PytestConfigWarning: Unknown config option: pythonpaths
  
    self._warn_or_fail_if_strict(f"Unknown config option: {key}\n")

tests\test_config_handler_keyring_fallback.py:6
  D:\workspace\Quantitative Trading\astock_screener\tests\test_config_handler_keyring_fallback.py:6: PytestUnknownMarkWarning: Unknown pytest.mark.unit - is this a typo?  You can register custom marks to avoid this warning - for details, see https://docs.pytest.org/en/stable/how-to/mark.html
    @pytest.mark.unit

tests\test_news_fetcher_concurrent_string_storage.py:10
  D:\workspace\Quantitative Trading\astock_screener\tests\test_news_fetcher_concurrent_string_storage.py:10: PytestUnknownMarkWarning: Unknown pytest.mark.unit - is this a typo?  You can register custom marks to avoid this warning - for details, see https://docs.pytest.org/en/stable/how-to/mark.html
    @pytest.mark.unit

tests\test_scheduler_persistent_idempotency.py:11
  D:\workspace\Quantitative Trading\astock_screener\tests\test_scheduler_persistent_idempotency.py:11: PytestUnknownMarkWarning: Unknown pytest.mark.unit - is this a typo?  You can register custom marks to avoid this warning - for details, see https://docs.pytest.org/en/stable/how-to/mark.html
    @pytest.mark.unit

tests\test_shutdown_step_failure_recovery.py:9
  D:\workspace\Quantitative Trading\astock_screener\tests\test_shutdown_step_failure_recovery.py:9: PytestUnknownMarkWarning: Unknown pytest.mark.unit - is this a typo?  You can register custom marks to avoid this warning - for details, see https://docs.pytest.org/en/stable/how-to/mark.html
    @pytest.mark.unit

tests\test_singletons_isolation.py:10
  D:\workspace\Quantitative Trading\astock_screener\tests\test_singletons_isolation.py:10: PytestUnknownMarkWarning: Unknown pytest.mark.unit - is this a typo?  You can register custom marks to avoid this warning - for details, see https://docs.pytest.org/en/stable/how-to/mark.html
    @pytest.mark.unit

tests\test_strategy_cap_quality_distribution.py:8
  D:\workspace\Quantitative Trading\astock_screener\tests\test_strategy_cap_quality_distribution.py:8: PytestUnknownMarkWarning: Unknown pytest.mark.unit - is this a typo?  You can register custom marks to avoid this warning - for details, see https://docs.pytest.org/en/stable/how-to/mark.html
    @pytest.mark.unit

tests\test_strategy_cap_quality_distribution.py:59
  D:\workspace\Quantitative Trading\astock_screener\tests\test_strategy_cap_quality_distribution.py:59: PytestUnknownMarkWarning: Unknown pytest.mark.unit - is this a typo?  You can register custom marks to avoid this warning - for details, see https://docs.pytest.org/en/stable/how-to/mark.html
    @pytest.mark.unit

tests\test_strategy_oversold_volume.py:28
  D:\workspace\Quantitative Trading\astock_screener\tests\test_strategy_oversold_volume.py:28: PytestUnknownMarkWarning: Unknown pytest.mark.unit - is this a typo?  You can register custom marks to avoid this warning - for details, see https://docs.pytest.org/en/stable/how-to/mark.html
    @pytest.mark.unit

tests/test_data_processor.py::TestDataProcessor::test_financial_reports
  D:\workspace\Quantitative Trading\astock_screener\data\sync\financial.py:56: DeprecationWarning: Use dp.trade_calendar.get_latest_trade_date() instead
    trade_date = await self.context.processor.get_latest_trade_date()  # type: ignore[attr-defined]

tests/test_data_processor.py::TestDataProcessor::test_financial_reports
  D:\workspace\Quantitative Trading\astock_screener\data\sync\financial.py:224: DeprecationWarning: Use dp.trade_calendar.get_trade_dates() instead
    all_dates = await self.context.processor.get_trade_dates(  # type: ignore

tests/test_data_processor.py::TestDataProcessor::test_get_latest_trade_date_ttl_cache
  D:\workspace\Quantitative Trading\astock_screener\tests\test_data_processor.py:315: DeprecationWarning: Use dp.trade_calendar.get_latest_trade_date() instead
    result = await self.processor.get_latest_trade_date()

tests/test_data_processor.py::TestDataProcessor::test_get_latest_trade_date_weekday_post_market
  D:\workspace\Quantitative Trading\astock_screener\tests\test_data_processor.py:265: DeprecationWarning: Use dp.trade_calendar.get_latest_trade_date() instead
    date_obj = await self.processor.get_latest_trade_date()

tests/test_data_processor.py::TestDataProcessor::test_get_latest_trade_date_weekday_pre_market
  D:\workspace\Quantitative Trading\astock_screener\tests\test_data_processor.py:225: DeprecationWarning: Use dp.trade_calendar.get_latest_trade_date() instead
    date_obj = await self.processor.get_latest_trade_date()

tests/test_data_processor.py::TestDataProcessor::test_get_latest_trade_date_weekend
  D:\workspace\Quantitative Trading\astock_screener\tests\test_data_processor.py:301: DeprecationWarning: Use dp.trade_calendar.get_latest_trade_date() instead
    date_obj = await self.processor.get_latest_trade_date()

tests/test_data_processor.py::TestDataProcessor::test_get_trade_dates
  D:\workspace\Quantitative Trading\astock_screener\tests\test_data_processor.py:330: DeprecationWarning: Use dp.trade_calendar.get_trade_dates() instead
    dates = await self.processor.get_trade_dates("20230101", "20230103")

tests/test_data_processor.py::TestDataProcessor::test_get_trade_dates_fallback
  D:\workspace\Quantitative Trading\astock_screener\tests\test_data_processor.py:350: DeprecationWarning: Use dp.trade_calendar.get_trade_dates() instead
    dates = await self.processor.get_trade_dates("20230102", "20230106")

tests/test_data_processor.py::TestDataProcessor::test_prepare_screening_context_raises_on_trade_date_mismatch
  D:\workspace\Quantitative Trading\astock_screener\data\data_processor.py:899: DeprecationWarning: Use dp.trade_calendar.get_latest_trade_date() instead
    latest_closed_trade_date = await self.get_latest_trade_date()

tests/test_data_processor.py::TestDataProcessor::test_run_quality_scan_low_fundamental
tests/test_data_processor.py::TestDataProcessor::test_run_quality_scan_missing_critical_financials
  D:\workspace\Quantitative Trading\astock_screener\data\mixins\health_mixin.py:620: DeprecationWarning: Use dp.trade_calendar.get_latest_trade_date() instead
    latest_closed_trade_date = await self.get_latest_trade_date()  # type: ignore

tests/test_data_processor.py::TestDataProcessor::test_sync_historical
  D:\workspace\Quantitative Trading\astock_screener\data\sync\historical.py:111: RuntimeWarning: coroutine 'AsyncMockMixin._execute_mock_call' was never awaited
    await self._run_historical_sync(days, progress_callback, result)
  Enable tracemalloc to get traceback where the object was allocated.
  See https://docs.pytest.org/en/stable/how-to/capture-warnings.html#resource-warnings for more info.

tests/test_data_processor.py::TestDataProcessor::test_sync_historical
  D:\workspace\Quantitative Trading\astock_screener\data\sync\historical.py:123: RuntimeWarning: coroutine 'AsyncMockMixin._execute_mock_call' was never awaited
    for date, quality in quality_results.items():
  Enable tracemalloc to get traceback where the object was allocated.
  See https://docs.pytest.org/en/stable/how-to/capture-warnings.html#resource-warnings for more info.

tests/test_historical_sync_integrity.py::TestP1IndexTablesInLowFrequency::test_index_tables_not_falsely_reported_incomplete
tests/test_quote_dao.py::TestQuoteDaoIntegrity::test_get_expected_stock_count_with_delist_date
--- Logging error ---
tests/test_quote_dao.py::TestQuoteDaoIntegrity::test_get_expected_stock_count_recent_date
tests/test_quote_dao.py::TestQuoteDaoIntegrity::test_get_bulk_expected_stock_counts
tests/test_quote_dao.py::TestQuoteDaoIntegrity::test_get_bulk_table_counts
tests/test_quote_dao.py::TestQuoteDaoIntegrity::test_get_bulk_sync_quality_scores
tests/test_quote_dao.py::TestQuoteDaoBoundary::test_future_date_handling
tests/test_quote_dao.py::TestQuoteDaoBoundary::test_bulk_counts_empty_range
tests/test_quote_dao.py::TestQualityScoreWeights::test_quality_score_with_custom_weights
  D:\workspace\Quantitative Trading\astock_screener\data\persistence\daos\base_dao.py:452: RuntimeWarning: coroutine 'AsyncMockMixin._execute_mock_call' was never awaited
    cols = list(result.keys())
  Enable tracemalloc to get traceback where the object was allocated.
  See https://docs.pytest.org/en/stable/how-to/capture-warnings.html#resource-warnings for more info.

tests/test_infra_history_config.py::test_config_and_calendar
  D:\workspace\Quantitative Trading\astock_screener\tests\test_infra_history_config.py:25: DeprecationWarning: Use dp.trade_calendar.get_trade_dates() instead
    all_dates = await dp.get_trade_dates(start_date=rough_start, end_date=end_date)

tests/test_ui_screener_vm.py::TestScreenerViewModel::test_run_strategy_passes_trade_date_to_save_results
tests/test_ui_screener_vm.py::TestScreenerViewModel::test_run_strategy_raises_when_trade_date_missing_before_save
  D:\workspace\Quantitative Trading\astock_screener\ui\viewmodels\screener_view_model.py:187: DeprecationWarning: 'asyncio.iscoroutinefunction' is deprecated and slated for removal in Python 3.16; use inspect.iscoroutinefunction() instead
    if asyncio.iscoroutinefunction(strategy.filter):

C:\Users\sin\AppData\Roaming\Python\Python314\site-packages\_pytest\cacheprovider.py:475
  C:\Users\sin\AppData\Roaming\Python\Python314\site-packages\_pytest\cacheprovider.py:475: PytestCacheWarning: could not create cache path D:\workspace\Quantitative Trading\astock_screener\.pytest_cache\v\cache\nodeids: [WinError 183] 褰撴枃浠跺凡瀛樺湪鏃讹紝鏃犳硶鍒涘缓璇ユ枃浠躲€? 'D:\\workspace\\Quantitative Trading\\astock_screener\\.pytest_cache\\v\\cache'
    config.cache.set("cache/nodeids", sorted(self.cached_nodeids))

C:\Users\sin\AppData\Roaming\Python\Python314\site-packages\_pytest\cacheprovider.py:429
  C:\Users\sin\AppData\Roaming\Python\Python314\site-packages\_pytest\cacheprovider.py:429: PytestCacheWarning: could not create cache path D:\workspace\Quantitative Trading\astock_screener\.pytest_cache\v\cache\lastfailed: [WinError 183] 褰撴枃浠跺凡瀛樺湪鏃讹紝鏃犳硶鍒涘缓璇ユ枃浠躲€? 'D:\\workspace\\Quantitative Trading\\astock_screener\\.pytest_cache\\v\\cache'
    config.cache.set("cache/lastfailed", self.lastfailed)

-- Docs: https://docs.pytest.org/en/stable/how-to/capture-warnings.html
=========================== short test summary info ===========================
FAILED tests/test_config_panels.py::TestTushareConfigPanel::test_verify_token_api_failure
FAILED tests/test_data_trade_calendar.py::TestTradeCalendarServiceOffline::test_is_trading_day_offline_fallback
FAILED tests/test_data_trade_calendar.py::TestTradeCalendarServiceHolidays::test_count_trade_days_across_holiday
FAILED tests/test_data_trade_calendar.py::TestTradeCalendarServiceCacheTTL::test_clear_cache_resets_ttl
FAILED tests/test_onboarding_wizard.py::TestClassifyError::test_classify_json_decode_error
FAILED tests/test_onboarding_wizard.py::TestClassifyError::test_classify_file_not_found_error
FAILED tests/test_onboarding_wizard.py::TestClassifyError::test_classify_permission_error
FAILED tests/test_onboarding_wizard.py::TestClassifyError::test_classify_os_error_disk_space
FAILED tests/test_onboarding_wizard.py::TestClassifyError::test_classify_timeout_error
===== 9 failed, 1511 passed, 18 skipped, 36 warnings in 237.51s (0:03:57) =====
Traceback (most recent call last):
  File "C:\Python314\Lib\logging\__init__.py", line 1154, in emit
    stream.write(msg + self.terminator)
    ~~~~~~~~~~~~^^^^^^^^^^^^^^^^^^^^^^^
ValueError: I/O operation on closed file.
Call stack:
  File "D:\workspace\Quantitative Trading\astock_screener\utils\thread_pool.py"
, line 74, in _atexit_shutdown
    self.shutdown(wait=False)
  File "D:\workspace\Quantitative Trading\astock_screener\utils\thread_pool.py"
, line 207, in shutdown
    logger.info("Shutting down IO Pool...")
Message: 'Shutting down IO Pool...'
Arguments: ()
--- Logging error ---
Traceback (most recent call last):
  File "C:\Python314\Lib\logging\__init__.py", line 1154, in emit
    stream.write(msg + self.terminator)
    ~~~~~~~~~~~~^^^^^^^^^^^^^^^^^^^^^^^
ValueError: I/O operation on closed file.
Call stack:
  File "D:\workspace\Quantitative Trading\astock_screener\utils\thread_pool.py"
, line 74, in _atexit_shutdown
    self.shutdown(wait=False)
  File "D:\workspace\Quantitative Trading\astock_screener\utils\thread_pool.py"
, line 213, in shutdown
    logger.info("Shutting down CPU Pool...")
Message: 'Shutting down CPU Pool...'
Arguments: ()
--- Logging error ---
Traceback (most recent call last):
  File "C:\Python314\Lib\logging\__init__.py", line 1154, in emit
    stream.write(msg + self.terminator)
    ~~~~~~~~~~~~^^^^^^^^^^^^^^^^^^^^^^^
ValueError: I/O operation on closed file.
Call stack:
  File "D:\workspace\Quantitative Trading\astock_screener\utils\thread_pool.py"
, line 74, in _atexit_shutdown
    self.shutdown(wait=False)
  File "D:\workspace\Quantitative Trading\astock_screener\utils\thread_pool.py"
, line 219, in shutdown
    logger.info("Thread Pools shut down.")
Message: 'Thread Pools shut down.'
Arguments: ()
